<html>
<body>
<pre>
<h1>礦ision Build Log</h1>
<h2>Tool Versions:</h2>
IDE-Version: μVision V5.36.0.0
Copyright (C) 2021 ARM Ltd and ARM Germany GmbH. All rights reserved.
License Information: kele jiabing, 123, LIC=PE7DL-0051Q-8T63P-MKULM-ARN72-I2XLI
 
Tool Versions:
Toolchain:       MDK-ARM Plus  Version: 5.36.0.0
Toolchain Path:  D:\software\Keil_v5\ARM\ARMCC\Bin
C Compiler:      Armcc.exe V5.06 update 7 (build 960)
Assembler:       Armasm.exe V5.06 update 7 (build 960)
Linker/Locator:  ArmLink.exe V5.06 update 7 (build 960)
Library Manager: ArmAr.exe V5.06 update 7 (build 960)
Hex Converter:   FromElf.exe V5.06 update 7 (build 960)
CPU DLL:         SARMCM3.DLL V5.36.0.0
Dialog DLL:      DCM.DLL V1.17.3.0
Target DLL:      STLink\ST-LINKIII-KEIL_SWO.dll V3.0.9.0
Dialog DLL:      TCM.DLL V1.53.0.0
 
<h2>Project:</h2>
D:\STM32project\STM32StdlibProject\双轮平衡小车 - 无线控制\Project.uvprojx
Project File Date:  05/16/2026

<h2>Output:</h2>
*** Using Compiler 'V5.06 update 7 (build 960)', folder: 'D:\software\Keil_v5\ARM\ARMCC\Bin'
Rebuild target 'Target 1'
assembling startup_stm32f10x_md.s...
compiling core_cm3.c...
compiling system_stm32f10x.c...
compiling stm32f10x_adc.c...
compiling misc.c...
compiling stm32f10x_bkp.c...
compiling stm32f10x_cec.c...
compiling stm32f10x_dac.c...
compiling stm32f10x_can.c...
compiling stm32f10x_dbgmcu.c...
compiling stm32f10x_fsmc.c...
compiling stm32f10x_dma.c...
compiling stm32f10x_crc.c...
compiling stm32f10x_exti.c...
compiling stm32f10x_i2c.c...
compiling stm32f10x_gpio.c...
compiling stm32f10x_flash.c...
compiling stm32f10x_iwdg.c...
compiling stm32f10x_pwr.c...
compiling stm32f10x_rcc.c...
compiling OLED_Data.c...
compiling stm32f10x_rtc.c...
compiling stm32f10x_spi.c...
compiling stm32f10x_sdio.c...
compiling Delay.c...
compiling stm32f10x_wwdg.c...
compiling Timer.c...
compiling stm32f10x_usart.c...
compiling stm32f10x_tim.c...
compiling Encoder.c...
compiling MyI2C.c...
Hardware\MyI2C.c(73): warning:  #177-D: function "MyI2C_R_SCL"  was declared but never referenced
  uint8_t MyI2C_R_SCL(void)
Hardware\MyI2C.c: 1 warning, 0 errors
compiling MPU6050.c...
compiling PWM.c...
compiling OLED.c...
compiling Motor.c...
compiling Key.c...
Hardware\Key.c(172): warning:  #940-D: missing return statement at end of non-void function "Key_Tick" 
  }
Hardware\Key.c: 1 warning, 0 errors
compiling Serial.c...
compiling NRF24L01.c...
compiling stm32f10x_it.c...
compiling PID.c...
compiling main.c...
User\main.c(419): warning:  #167-D: argument of type "volatile int16_t *" is incompatible with parameter of type "int16_t *"
              MPU6050_GetData(&AX, &AY, &AZ, &GX, &GY, &GZ);
User\main.c(419): warning:  #167-D: argument of type "volatile int16_t *" is incompatible with parameter of type "int16_t *"
              MPU6050_GetData(&AX, &AY, &AZ, &GX, &GY, &GZ);
User\main.c(419): warning:  #167-D: argument of type "volatile int16_t *" is incompatible with parameter of type "int16_t *"
              MPU6050_GetData(&AX, &AY, &AZ, &GX, &GY, &GZ);
User\main.c(419): warning:  #167-D: argument of type "volatile int16_t *" is incompatible with parameter of type "int16_t *"
              MPU6050_GetData(&AX, &AY, &AZ, &GX, &GY, &GZ);
User\main.c(419): warning:  #167-D: argument of type "volatile int16_t *" is incompatible with parameter of type "int16_t *"
              MPU6050_GetData(&AX, &AY, &AZ, &GX, &GY, &GZ);
User\main.c(419): warning:  #167-D: argument of type "volatile int16_t *" is incompatible with parameter of type "int16_t *"
              MPU6050_GetData(&AX, &AY, &AZ, &GX, &GY, &GZ);
User\main.c: 6 warnings, 0 errors
linking...
Program Size: Code=19268 RO-data=4908 RW-data=1236 ZI-data=2116  
".\Objects\Project.axf" - 0 Error(s), 8 Warning(s).

<h2>Software Packages used:</h2>

Package Vendor: Keil
                http://www.keil.com/pack/Keil.STM32F1xx_DFP.2.3.0.pack
                Keil.STM32F1xx_DFP.2.3.0
                STMicroelectronics STM32F1 Series Device Support, Drivers and Examples

<h2>Collection of Component include folders:</h2>
  C:\Users\sjb43\AppData\Local\Arm\Packs\Keil\STM32F1xx_DFP\2.3.0\Device\Include

<h2>Collection of Component Files used:</h2>
Build Time Elapsed:  00:00:04
</pre>
</body>
</html>
