Component: ARM Compiler 5.06 update 7 (build 960) Tool: armlink [4d3601]

==============================================================================

Section Cross References

    startup_stm32f10x_md.o(RESET) refers to startup_stm32f10x_md.o(STACK) for __initial_sp
    startup_stm32f10x_md.o(RESET) refers to startup_stm32f10x_md.o(.text) for Reset_Handler
    startup_stm32f10x_md.o(RESET) refers to stm32f10x_it.o(i.NMI_Handler) for NMI_Handler
    startup_stm32f10x_md.o(RESET) refers to stm32f10x_it.o(i.HardFault_Handler) for HardFault_Handler
    startup_stm32f10x_md.o(RESET) refers to stm32f10x_it.o(i.MemManage_Handler) for MemManage_Handler
    startup_stm32f10x_md.o(RESET) refers to stm32f10x_it.o(i.BusFault_Handler) for BusFault_Handler
    startup_stm32f10x_md.o(RESET) refers to stm32f10x_it.o(i.UsageFault_Handler) for UsageFault_Handler
    startup_stm32f10x_md.o(RESET) refers to stm32f10x_it.o(i.SVC_Handler) for SVC_Handler
    startup_stm32f10x_md.o(RESET) refers to stm32f10x_it.o(i.DebugMon_Handler) for DebugMon_Handler
    startup_stm32f10x_md.o(RESET) refers to stm32f10x_it.o(i.PendSV_Handler) for PendSV_Handler
    startup_stm32f10x_md.o(RESET) refers to stm32f10x_it.o(i.SysTick_Handler) for SysTick_Handler
    startup_stm32f10x_md.o(RESET) refers to main.o(i.TIM1_UP_IRQHandler) for TIM1_UP_IRQHandler
    startup_stm32f10x_md.o(RESET) refers to serial.o(i.USART1_IRQHandler) for USART1_IRQHandler
    startup_stm32f10x_md.o(RESET) refers to serial.o(i.USART2_IRQHandler) for USART2_IRQHandler
    startup_stm32f10x_md.o(.text) refers to system_stm32f10x.o(i.SystemInit) for SystemInit
    startup_stm32f10x_md.o(.text) refers to entry.o(.ARM.Collect$$$$00000000) for __main
    system_stm32f10x.o(i.SetSysClock) refers to system_stm32f10x.o(i.SetSysClockTo72) for SetSysClockTo72
    system_stm32f10x.o(i.SystemCoreClockUpdate) refers to system_stm32f10x.o(.data) for SystemCoreClock
    system_stm32f10x.o(i.SystemInit) refers to system_stm32f10x.o(i.SetSysClock) for SetSysClock
    stm32f10x_adc.o(i.ADC_DeInit) refers to stm32f10x_rcc.o(i.RCC_APB2PeriphResetCmd) for RCC_APB2PeriphResetCmd
    stm32f10x_bkp.o(i.BKP_DeInit) refers to stm32f10x_rcc.o(i.RCC_BackupResetCmd) for RCC_BackupResetCmd
    stm32f10x_can.o(i.CAN_DeInit) refers to stm32f10x_rcc.o(i.RCC_APB1PeriphResetCmd) for RCC_APB1PeriphResetCmd
    stm32f10x_can.o(i.CAN_GetITStatus) refers to stm32f10x_can.o(i.CheckITStatus) for CheckITStatus
    stm32f10x_cec.o(i.CEC_DeInit) refers to stm32f10x_rcc.o(i.RCC_APB1PeriphResetCmd) for RCC_APB1PeriphResetCmd
    stm32f10x_dac.o(i.DAC_DeInit) refers to stm32f10x_rcc.o(i.RCC_APB1PeriphResetCmd) for RCC_APB1PeriphResetCmd
    stm32f10x_flash.o(i.FLASH_EnableWriteProtection) refers to stm32f10x_flash.o(i.FLASH_WaitForLastOperation) for FLASH_WaitForLastOperation
    stm32f10x_flash.o(i.FLASH_EraseAllBank1Pages) refers to stm32f10x_flash.o(i.FLASH_WaitForLastBank1Operation) for FLASH_WaitForLastBank1Operation
    stm32f10x_flash.o(i.FLASH_EraseAllPages) refers to stm32f10x_flash.o(i.FLASH_WaitForLastOperation) for FLASH_WaitForLastOperation
    stm32f10x_flash.o(i.FLASH_EraseOptionBytes) refers to stm32f10x_flash.o(i.FLASH_GetReadOutProtectionStatus) for FLASH_GetReadOutProtectionStatus
    stm32f10x_flash.o(i.FLASH_EraseOptionBytes) refers to stm32f10x_flash.o(i.FLASH_WaitForLastOperation) for FLASH_WaitForLastOperation
    stm32f10x_flash.o(i.FLASH_ErasePage) refers to stm32f10x_flash.o(i.FLASH_WaitForLastOperation) for FLASH_WaitForLastOperation
    stm32f10x_flash.o(i.FLASH_ProgramHalfWord) refers to stm32f10x_flash.o(i.FLASH_WaitForLastOperation) for FLASH_WaitForLastOperation
    stm32f10x_flash.o(i.FLASH_ProgramOptionByteData) refers to stm32f10x_flash.o(i.FLASH_WaitForLastOperation) for FLASH_WaitForLastOperation
    stm32f10x_flash.o(i.FLASH_ProgramWord) refers to stm32f10x_flash.o(i.FLASH_WaitForLastOperation) for FLASH_WaitForLastOperation
    stm32f10x_flash.o(i.FLASH_ReadOutProtection) refers to stm32f10x_flash.o(i.FLASH_WaitForLastOperation) for FLASH_WaitForLastOperation
    stm32f10x_flash.o(i.FLASH_UserOptionByteConfig) refers to stm32f10x_flash.o(i.FLASH_WaitForLastOperation) for FLASH_WaitForLastOperation
    stm32f10x_flash.o(i.FLASH_WaitForLastBank1Operation) refers to stm32f10x_flash.o(i.FLASH_GetBank1Status) for FLASH_GetBank1Status
    stm32f10x_flash.o(i.FLASH_WaitForLastOperation) refers to stm32f10x_flash.o(i.FLASH_GetBank1Status) for FLASH_GetBank1Status
    stm32f10x_gpio.o(i.GPIO_AFIODeInit) refers to stm32f10x_rcc.o(i.RCC_APB2PeriphResetCmd) for RCC_APB2PeriphResetCmd
    stm32f10x_gpio.o(i.GPIO_DeInit) refers to stm32f10x_rcc.o(i.RCC_APB2PeriphResetCmd) for RCC_APB2PeriphResetCmd
    stm32f10x_i2c.o(i.I2C_DeInit) refers to stm32f10x_rcc.o(i.RCC_APB1PeriphResetCmd) for RCC_APB1PeriphResetCmd
    stm32f10x_i2c.o(i.I2C_Init) refers to stm32f10x_rcc.o(i.RCC_GetClocksFreq) for RCC_GetClocksFreq
[...]
    Library\stm32f10x_fsmc.c                 0x00000000   Number         0  stm32f10x_fsmc.o ABSOLUTE
    Library\stm32f10x_gpio.c                 0x00000000   Number         0  stm32f10x_gpio.o ABSOLUTE
    Library\stm32f10x_i2c.c                  0x00000000   Number         0  stm32f10x_i2c.o ABSOLUTE
    Library\stm32f10x_iwdg.c                 0x00000000   Number         0  stm32f10x_iwdg.o ABSOLUTE
    Library\stm32f10x_pwr.c                  0x00000000   Number         0  stm32f10x_pwr.o ABSOLUTE
    Library\stm32f10x_rcc.c                  0x00000000   Number         0  stm32f10x_rcc.o ABSOLUTE
    Library\stm32f10x_rtc.c                  0x00000000   Number         0  stm32f10x_rtc.o ABSOLUTE
    Library\stm32f10x_sdio.c                 0x00000000   Number         0  stm32f10x_sdio.o ABSOLUTE
    Library\stm32f10x_spi.c                  0x00000000   Number         0  stm32f10x_spi.o ABSOLUTE
    Library\stm32f10x_tim.c                  0x00000000   Number         0  stm32f10x_tim.o ABSOLUTE
    Library\stm32f10x_usart.c                0x00000000   Number         0  stm32f10x_usart.o ABSOLUTE
    Library\stm32f10x_wwdg.c                 0x00000000   Number         0  stm32f10x_wwdg.o ABSOLUTE
    Soft\PID.c                               0x00000000   Number         0  pid.o ABSOLUTE
    Start\\core_cm3.c                        0x00000000   Number         0  core_cm3.o ABSOLUTE
    Start\core_cm3.c                         0x00000000   Number         0  core_cm3.o ABSOLUTE
    Start\startup_stm32f10x_md.s             0x00000000   Number         0  startup_stm32f10x_md.o ABSOLUTE
    Start\system_stm32f10x.c                 0x00000000   Number         0  system_stm32f10x.o ABSOLUTE
    System\Delay.c                           0x00000000   Number         0  delay.o ABSOLUTE
    System\Timer.c                           0x00000000   Number         0  timer.o ABSOLUTE
    User\main.c                              0x00000000   Number         0  main.o ABSOLUTE
    User\stm32f10x_it.c                      0x00000000   Number         0  stm32f10x_it.o ABSOLUTE
    cdcmple.s                                0x00000000   Number         0  cdcmple.o ABSOLUTE
    cdrcmple.s                               0x00000000   Number         0  cdrcmple.o ABSOLUTE
    cfcmple.s                                0x00000000   Number         0  cfcmple.o ABSOLUTE
    cfrcmple.s                               0x00000000   Number         0  cfrcmple.o ABSOLUTE
    dc.s                                     0x00000000   Number         0  dc.o ABSOLUTE
    handlers.s                               0x00000000   Number         0  handlers.o ABSOLUTE
    init.s                                   0x00000000   Number         0  init.o ABSOLUTE
    RESET                                    0x08000000   Section      236  startup_stm32f10x_md.o(RESET)
    .ARM.Collect$$$$00000000                 0x080000ec   Section        0  entry.o(.ARM.Collect$$$$00000000)
    .ARM.Collect$$$$00000001                 0x080000ec   Section        4  entry2.o(.ARM.Collect$$$$00000001)
    .ARM.Collect$$$$00000004                 0x080000f0   Section        4  entry5.o(.ARM.Collect$$$$00000004)
    .ARM.Collect$$$$00000008                 0x080000f4   Section        0  entry7b.o(.ARM.Collect$$$$00000008)
    .ARM.Collect$$$$0000000A                 0x080000f4   Section        0  entry8b.o(.ARM.Collect$$$$0000000A)
    .ARM.Collect$$$$0000000B                 0x080000f4   Section        8  entry9a.o(.ARM.Collect$$$$0000000B)
    .ARM.Collect$$$$0000000E                 0x080000fc   Section        4  entry12b.o(.ARM.Collect$$$$0000000E)
    .ARM.Collect$$$$0000000F                 0x08000100   Section        0  entry10a.o(.ARM.Collect$$$$0000000F)
    .ARM.Collect$$$$00000011                 0x08000100   Section        0  entry11a.o(.ARM.Collect$$$$00000011)
    .ARM.Collect$$$$00002712                 0x08000100   Section        4  entry2.o(.ARM.Collect$$$$00002712)
    __lit__00000000                          0x08000100   Data           4  entry2.o(.ARM.Collect$$$$00002712)
    .text                                    0x08000104   Section       36  startup_stm32f10x_md.o(.text)
    .text                                    0x08000128   Section        0  strcmp.o(.text)
    .text                                    0x08000144   Section        0  strtok.o(.text)
    .text                                    0x08000188   Section        0  atoi.o(.text)
    .text                                    0x080001a2   Section        0  fadd.o(.text)
    .text                                    0x08000252   Section        0  fmul.o(.text)
    .text                                    0x080002b6   Section        0  fdiv.o(.text)
    .text                                    0x08000332   Section        0  dadd.o(.text)
    .text                                    0x08000480   Section        0  dmul.o(.text)
    .text                                    0x08000564   Section        0  ddiv.o(.text)
    .text                                    0x08000642   Section        0  fflti.o(.text)
    .text                                    0x08000654   Section        0  dflti.o(.text)
    .text                                    0x08000676   Section        0  ffixi.o(.text)
    .text                                    0x080006a8   Section        0  f2d.o(.text)
    .text                                    0x080006d0   Section       48  cdcmple.o(.text)
    .text                                    0x08000700   Section       48  cdrcmple.o(.text)
    .text                                    0x08000730   Section        0  d2f.o(.text)
    .text                                    0x08000768   Section       20  cfcmple.o(.text)
    .text                                    0x0800077c   Section       20  cfrcmple.o(.text)
    .text                                    0x08000790   Section        0  uidiv.o(.text)
    .text                                    0x080007bc   Section        0  uldiv.o(.text)
    .text                                    0x0800081e   Section        0  llshl.o(.text)
    .text                                    0x0800083c   Section        0  llushr.o(.text)
    .text                                    0x0800085c   Section        0  llsshr.o(.text)
    .text                                    0x08000880   Section        0  strtod.o(.text)
    _local_sscanf                            0x08000881   Thumb Code    54  strtod.o(.text)
    .text                                    0x0800091c   Section        0  strtol.o(.text)
    .text                                    0x0800098c   Section        0  iusefp.o(.text)
    .text                                    0x0800098c   Section        0  fepilogue.o(.text)
    .text                                    0x080009fa   Section        0  depilogue.o(.text)
    .text                                    0x08000ab4   Section        0  dfixul.o(.text)
    .text                                    0x08000ae4   Section       36  init.o(.text)
    .text                                    0x08000b08   Section        0  ctype_o.o(.text)
    .text                                    0x08000b10   Section        0  isspace_o.o(.text)
    .text                                    0x08000b24   Section        0  scanf_fp.o(.text)
    _fp_value                                0x08000b25   Thumb Code   296  scanf_fp.o(.text)
    .text                                    0x08000e84   Section        0  _sgetc.o(.text)
    .text                                    0x08000ec4   Section        0  _strtoul.o(.text)
    .text                                    0x08000f62   Section        0  dscalb.o(.text)
    .text                                    0x08000f90   Section        0  _chval.o(.text)
    .text                                    0x08000fac   Section        0  dfltul.o(.text)
    .text                                    0x08000fc4   Section        0  __dczerorl2.o(.text)
    i.BusFault_Handler                       0x0800101a   Section        0  stm32f10x_it.o(i.BusFault_Handler)
    i.DebugMon_Handler                       0x0800101e   Section        0  stm32f10x_it.o(i.DebugMon_Handler)
    i.Encoder_GetConter                      0x08001020   Section        0  encoder.o(i.Encoder_GetConter)
    i.Encoder_Init                           0x08001060   Section        0  encoder.o(i.Encoder_Init)
    i.GPIO_Init                              0x08001198   Section        0  stm32f10x_gpio.o(i.GPIO_Init)
    i.GPIO_PinRemapConfig                    0x080012b0   Section        0  stm32f10x_gpio.o(i.GPIO_PinRemapConfig)
    i.GPIO_ReadInputDataBit                  0x08001340   Section        0  stm32f10x_gpio.o(i.GPIO_ReadInputDataBit)
    i.GPIO_ResetBits                         0x08001352   Section        0  stm32f10x_gpio.o(i.GPIO_ResetBits)
    i.GPIO_SetBits                           0x08001356   Section        0  stm32f10x_gpio.o(i.GPIO_SetBits)
    i.GPIO_WriteBit                          0x0800135a   Section        0  stm32f10x_gpio.o(i.GPIO_WriteBit)
    i.HardFault_Handler                      0x08001364   Section        0  stm32f10x_it.o(i.HardFault_Handler)
    i.Key_GetKeyState                        0x08001368   Section        0  key.o(i.Key_GetKeyState)
    i.Key_GetValue                           0x08001378   Section        0  key.o(i.Key_GetValue)
    Key_GetValue                             0x08001379   Thumb Code    78  key.o(i.Key_GetValue)
    i.Key_Init                               0x080013cc   Section        0  key.o(i.Key_Init)
    i.Key_Tick                               0x08001414   Section        0  key.o(i.Key_Tick)
    i.MPU6050_GetData                        0x08001464   Section        0  mpu6050.o(i.MPU6050_GetData)
    i.MPU6050_Init                           0x080014e6   Section        0  mpu6050.o(i.MPU6050_Init)
    i.MPU6050_ReadRegs                       0x0800151e   Section        0  mpu6050.o(i.MPU6050_ReadRegs)
    i.MPU6050_WriteReg                       0x0800157c   Section        0  mpu6050.o(i.MPU6050_WriteReg)
    i.MemManage_Handler                      0x080015aa   Section        0  stm32f10x_it.o(i.MemManage_Handler)
    i.Motor_Init                             0x080015b0   Section        0  motor.o(i.Motor_Init)
    i.Motor_SetSpeed                         0x080015e0   Section        0  motor.o(i.Motor_SetSpeed)
    i.MyI2C_Init                             0x0800167c   Section        0  myi2c.o(i.MyI2C_Init)
    i.MyI2C_R_SDA                            0x080016b4   Section        0  myi2c.o(i.MyI2C_R_SDA)
    MyI2C_R_SDA                              0x080016b5   Thumb Code    14  myi2c.o(i.MyI2C_R_SDA)
    i.MyI2C_ReceiveAck                       0x080016c8   Section        0  myi2c.o(i.MyI2C_ReceiveAck)
    i.MyI2C_ReceiveByte                      0x080016e6   Section        0  myi2c.o(i.MyI2C_ReceiveByte)
    i.MyI2C_SendAck                          0x08001718   Section        0  myi2c.o(i.MyI2C_SendAck)
    i.MyI2C_SendByte                         0x08001730   Section        0  myi2c.o(i.MyI2C_SendByte)
    i.MyI2C_Start                            0x0800175a   Section        0  myi2c.o(i.MyI2C_Start)
    i.MyI2C_Stop                             0x08001776   Section        0  myi2c.o(i.MyI2C_Stop)
    i.MyI2C_W_SCL                            0x0800178c   Section        0  myi2c.o(i.MyI2C_W_SCL)
    MyI2C_W_SCL                              0x0800178d   Thumb Code    18  myi2c.o(i.MyI2C_W_SCL)
    i.MyI2C_W_SDA                            0x080017a4   Section        0  myi2c.o(i.MyI2C_W_SDA)
    MyI2C_W_SDA                              0x080017a5   Thumb Code    18  myi2c.o(i.MyI2C_W_SDA)
    i.NMI_Handler                            0x080017bc   Section        0  stm32f10x_it.o(i.NMI_Handler)
    i.NRF24L01_FlushRx                       0x080017be   Section        0  nrf24l01.o(i.NRF24L01_FlushRx)
    i.NRF24L01_FlushTx                       0x080017d4   Section        0  nrf24l01.o(i.NRF24L01_FlushTx)
    i.NRF24L01_GPIO_Init                     0x080017ec   Section        0  nrf24l01.o(i.NRF24L01_GPIO_Init)
    i.NRF24L01_Init                          0x080018a4   Section        0  nrf24l01.o(i.NRF24L01_Init)
    i.NRF24L01_R_MISO                        0x08001910   Section        0  nrf24l01.o(i.NRF24L01_R_MISO)
    i.NRF24L01_ReadReg                       0x08001924   Section        0  nrf24l01.o(i.NRF24L01_ReadReg)
    i.NRF24L01_ReadRxPayload                 0x08001946   Section        0  nrf24l01.o(i.NRF24L01_ReadRxPayload)
    i.NRF24L01_ReadStatus                    0x08001974   Section        0  nrf24l01.o(i.NRF24L01_ReadStatus)
    i.NRF24L01_Receive                       0x08001990   Section        0  nrf24l01.o(i.NRF24L01_Receive)
    i.NRF24L01_Rx                            0x080019e8   Section        0  nrf24l01.o(i.NRF24L01_Rx)
    i.NRF24L01_SPI_SwapByte                  0x08001a14   Section        0  nrf24l01.o(i.NRF24L01_SPI_SwapByte)
    i.NRF24L01_Send                          0x08001a58   Section        0  nrf24l01.o(i.NRF24L01_Send)
    i.NRF24L01_Tx                            0x08001aec   Section        0  nrf24l01.o(i.NRF24L01_Tx)
    i.NRF24L01_W_CE                          0x08001b1c   Section        0  nrf24l01.o(i.NRF24L01_W_CE)
    i.NRF24L01_W_CSN                         0x08001b34   Section        0  nrf24l01.o(i.NRF24L01_W_CSN)
    i.NRF24L01_W_MOSI                        0x08001b4c   Section        0  nrf24l01.o(i.NRF24L01_W_MOSI)
    i.NRF24L01_W_SCK                         0x08001b64   Section        0  nrf24l01.o(i.NRF24L01_W_SCK)
    i.NRF24L01_WriteReg                      0x08001b7c   Section        0  nrf24l01.o(i.NRF24L01_WriteReg)
    i.NRF24L01_WriteRegs                     0x08001b9e   Section        0  nrf24l01.o(i.NRF24L01_WriteRegs)
    i.NRF24L01_WriteTxPayload                0x08001bd2   Section        0  nrf24l01.o(i.NRF24L01_WriteTxPayload)
    i.NVIC_Init                              0x08001c00   Section        0  misc.o(i.NVIC_Init)
    i.OLED_Clear                             0x08001c70   Section        0  oled.o(i.OLED_Clear)
    i.OLED_ClearArea                         0x08001c98   Section        0  oled.o(i.OLED_ClearArea)
    i.OLED_GPIO_Init                         0x08001d28   Section        0  oled.o(i.OLED_GPIO_Init)
    i.OLED_I2C_SendByte                      0x08001d88   Section        0  oled.o(i.OLED_I2C_SendByte)
    i.OLED_I2C_Start                         0x08001dc6   Section        0  oled.o(i.OLED_I2C_Start)
    i.OLED_I2C_Stop                          0x08001de2   Section        0  oled.o(i.OLED_I2C_Stop)
    i.OLED_Init                              0x08001df8   Section        0  oled.o(i.OLED_Init)
    i.OLED_Printf                            0x08001e92   Section        0  oled.o(i.OLED_Printf)
    i.OLED_SetCursor                         0x08001ec4   Section        0  oled.o(i.OLED_SetCursor)
    i.OLED_ShowChar                          0x08001ee8   Section        0  oled.o(i.OLED_ShowChar)
    i.OLED_ShowImage                         0x08001f3c   Section        0  oled.o(i.OLED_ShowImage)
    i.OLED_ShowString                        0x08002038   Section        0  oled.o(i.OLED_ShowString)
    i.OLED_Update                            0x080021fc   Section        0  oled.o(i.OLED_Update)
    i.OLED_W_SCL                             0x08002224   Section        0  oled.o(i.OLED_W_SCL)
    i.OLED_W_SDA                             0x0800223c   Section        0  oled.o(i.OLED_W_SDA)
    i.OLED_WriteCommand                      0x08002254   Section        0  oled.o(i.OLED_WriteCommand)
    i.OLED_WriteData                         0x08002274   Section        0  oled.o(i.OLED_WriteData)
    i.PID_GetOut                             0x080022a2   Section        0  pid.o(i.PID_GetOut)
    i.PID_GetTarget                          0x080022ae   Section        0  pid.o(i.PID_GetTarget)
    i.PID_Init                               0x080022ba   Section        0  pid.o(i.PID_Init)
    i.PID_SetActual                          0x080022d0   Section        0  pid.o(i.PID_SetActual)
    i.PID_SetTarget                          0x080022da   Section        0  pid.o(i.PID_SetTarget)
    i.PID_Update                             0x080022e4   Section        0  pid.o(i.PID_Update)
    i.PWM_Init                               0x080023bc   Section        0  pwm.o(i.PWM_Init)
    i.PWM_SetCompare1                        0x08002450   Section        0  pwm.o(i.PWM_SetCompare1)
    i.PWM_SetCompare2                        0x08002460   Section        0  pwm.o(i.PWM_SetCompare2)
    i.PendSV_Handler                         0x08002470   Section        0  stm32f10x_it.o(i.PendSV_Handler)
    i.RCC_APB1PeriphClockCmd                 0x08002474   Section        0  stm32f10x_rcc.o(i.RCC_APB1PeriphClockCmd)
    i.RCC_APB2PeriphClockCmd                 0x08002494   Section        0  stm32f10x_rcc.o(i.RCC_APB2PeriphClockCmd)
    i.RCC_GetClocksFreq                      0x080024b4   Section        0  stm32f10x_rcc.o(i.RCC_GetClocksFreq)
    i.SVC_Handler                            0x08002588   Section        0  stm32f10x_it.o(i.SVC_Handler)
    i.Serial_GetData                         0x0800258a   Section        0  serial.o(i.Serial_GetData)
    i.Serial_GetRxFlag                       0x08002598   Section        0  serial.o(i.Serial_GetRxFlag)
    i.Serial_Init                            0x080025b4   Section        0  serial.o(i.Serial_Init)
    i.Serial_Printf                          0x0800266e   Section        0  serial.o(i.Serial_Printf)
    i.Serial_RxIrqHandler                    0x08002698   Section        0  serial.o(i.Serial_RxIrqHandler)
    i.Serial_SendByte                        0x08002700   Section        0  serial.o(i.Serial_SendByte)
    i.Serial_SendString                      0x08002724   Section        0  serial.o(i.Serial_SendString)
    i.SetSysClock                            0x08002746   Section        0  system_stm32f10x.o(i.SetSysClock)
    SetSysClock                              0x08002747   Thumb Code     8  system_stm32f10x.o(i.SetSysClock)
    i.SetSysClockTo72                        0x08002750   Section        0  system_stm32f10x.o(i.SetSysClockTo72)
    SetSysClockTo72                          0x08002751   Thumb Code   214  system_stm32f10x.o(i.SetSysClockTo72)
    i.SysTick_Handler                        0x08002830   Section        0  stm32f10x_it.o(i.SysTick_Handler)
    i.SystemInit                             0x08002834   Section        0  system_stm32f10x.o(i.SystemInit)
    i.TI1_Config                             0x08002894   Section        0  stm32f10x_tim.o(i.TI1_Config)
    TI1_Config                               0x08002895   Thumb Code   108  stm32f10x_tim.o(i.TI1_Config)
    i.TI2_Config                             0x08002914   Section        0  stm32f10x_tim.o(i.TI2_Config)
    TI2_Config                               0x08002915   Thumb Code   130  stm32f10x_tim.o(i.TI2_Config)
    i.TI3_Config                             0x080029ac   Section        0  stm32f10x_tim.o(i.TI3_Config)
    TI3_Config                               0x080029ad   Thumb Code   122  stm32f10x_tim.o(i.TI3_Config)
    i.TI4_Config                             0x08002a3c   Section        0  stm32f10x_tim.o(i.TI4_Config)
    TI4_Config                               0x08002a3d   Thumb Code   130  stm32f10x_tim.o(i.TI4_Config)
    i.TIM1_UP_IRQHandler                     0x08002ad4   Section        0  main.o(i.TIM1_UP_IRQHandler)
    i.TIM_ClearFlag                          0x08003040   Section        0  stm32f10x_tim.o(i.TIM_ClearFlag)
    i.TIM_ClearITPendingBit                  0x08003046   Section        0  stm32f10x_tim.o(i.TIM_ClearITPendingBit)
    i.TIM_Cmd                                0x0800304c   Section        0  stm32f10x_tim.o(i.TIM_Cmd)
    i.TIM_EncoderInterfaceConfig             0x08003064   Section        0  stm32f10x_tim.o(i.TIM_EncoderInterfaceConfig)
    i.TIM_GetCounter                         0x080030a6   Section        0  stm32f10x_tim.o(i.TIM_GetCounter)
    i.TIM_GetITStatus                        0x080030ac   Section        0  stm32f10x_tim.o(i.TIM_GetITStatus)
    i.TIM_ICInit                             0x080030d0   Section        0  stm32f10x_tim.o(i.TIM_ICInit)
    i.TIM_ICStructInit                       0x0800317c   Section        0  stm32f10x_tim.o(i.TIM_ICStructInit)
    i.TIM_ITConfig                           0x0800318e   Section        0  stm32f10x_tim.o(i.TIM_ITConfig)
    i.TIM_OC1Init                            0x080031a0   Section        0  stm32f10x_tim.o(i.TIM_OC1Init)
    i.TIM_OC2Init                            0x08003238   Section        0  stm32f10x_tim.o(i.TIM_OC2Init)
    i.TIM_OCStructInit                       0x080032dc   Section        0  stm32f10x_tim.o(i.TIM_OCStructInit)
    i.TIM_SetCompare1                        0x080032f0   Section        0  stm32f10x_tim.o(i.TIM_SetCompare1)
    i.TIM_SetCompare2                        0x080032f4   Section        0  stm32f10x_tim.o(i.TIM_SetCompare2)
    i.TIM_SetCounter                         0x080032f8   Section        0  stm32f10x_tim.o(i.TIM_SetCounter)
    i.TIM_SetIC1Prescaler                    0x080032fc   Section        0  stm32f10x_tim.o(i.TIM_SetIC1Prescaler)
    i.TIM_SetIC2Prescaler                    0x0800330e   Section        0  stm32f10x_tim.o(i.TIM_SetIC2Prescaler)
    i.TIM_SetIC3Prescaler                    0x08003328   Section        0  stm32f10x_tim.o(i.TIM_SetIC3Prescaler)
    i.TIM_SetIC4Prescaler                    0x0800333a   Section        0  stm32f10x_tim.o(i.TIM_SetIC4Prescaler)
    i.TIM_TimeBaseInit                       0x08003354   Section        0  stm32f10x_tim.o(i.TIM_TimeBaseInit)
    i.Timer_Init                             0x080033f8   Section        0  timer.o(i.Timer_Init)
    i.USART1_IRQHandler                      0x08003464   Section        0  serial.o(i.USART1_IRQHandler)
    i.USART2_IRQHandler                      0x0800349c   Section        0  serial.o(i.USART2_IRQHandler)
    i.USART_ClearITPendingBit                0x080034d4   Section        0  stm32f10x_usart.o(i.USART_ClearITPendingBit)
    i.USART_Cmd                              0x080034f2   Section        0  stm32f10x_usart.o(i.USART_Cmd)
    i.USART_GetFlagStatus                    0x0800350a   Section        0  stm32f10x_usart.o(i.USART_GetFlagStatus)
    i.USART_GetITStatus                      0x08003524   Section        0  stm32f10x_usart.o(i.USART_GetITStatus)
    i.USART_ITConfig                         0x08003578   Section        0  stm32f10x_usart.o(i.USART_ITConfig)
    i.USART_Init                             0x080035c4   Section        0  stm32f10x_usart.o(i.USART_Init)
    i.USART_ReceiveData                      0x0800369c   Section        0  stm32f10x_usart.o(i.USART_ReceiveData)
    i.USART_SendData                         0x080036a6   Section        0  stm32f10x_usart.o(i.USART_SendData)
    i.UsageFault_Handler                     0x080036ae   Section        0  stm32f10x_it.o(i.UsageFault_Handler)
    i.__0vsprintf                            0x080036b4   Section        0  printfa.o(i.__0vsprintf)
    i.__ARM_fpclassify                       0x080036d8   Section        0  fpclassify.o(i.__ARM_fpclassify)
    i.__aeabi_errno_addr                     0x08003700   Section        0  errno.o(i.__aeabi_errno_addr)
    i.__kernel_poly                          0x08003708   Section        0  poly.o(i.__kernel_poly)
    i.__mathlib_dbl_infnan                   0x080037b2   Section        0  dunder.o(i.__mathlib_dbl_infnan)
    i.__mathlib_dbl_infnan2                  0x080037b8   Section        0  dunder.o(i.__mathlib_dbl_infnan2)
    i.__mathlib_dbl_underflow                0x080037bc   Section        0  dunder.o(i.__mathlib_dbl_underflow)
    i.__read_errno                           0x080037cc   Section        0  errno.o(i.__read_errno)
    i.__scatterload_copy                     0x080037d8   Section       14  handlers.o(i.__scatterload_copy)
    i.__scatterload_null                     0x080037e6   Section        2  handlers.o(i.__scatterload_null)
    i.__scatterload_zeroinit                 0x080037e8   Section       14  handlers.o(i.__scatterload_zeroinit)
    i.__set_errno                            0x080037f8   Section        0  errno.o(i.__set_errno)
    i._fp_digits                             0x08003804   Section        0  printfa.o(i._fp_digits)
    _fp_digits                               0x08003805   Thumb Code   366  printfa.o(i._fp_digits)
    i._is_digit                              0x08003988   Section        0  scanf_fp.o(i._is_digit)
    i._printf_core                           0x08003998   Section        0  printfa.o(i._printf_core)
    _printf_core                             0x08003999   Thumb Code  1704  printfa.o(i._printf_core)
    i._printf_post_padding                   0x0800404c   Section        0  printfa.o(i._printf_post_padding)
    _printf_post_padding                     0x0800404d   Thumb Code    36  printfa.o(i._printf_post_padding)
    i._printf_pre_padding                    0x08004070   Section        0  printfa.o(i._printf_pre_padding)
    _printf_pre_padding                      0x08004071   Thumb Code    46  printfa.o(i._printf_pre_padding)
    i._sputc                                 0x0800409e   Section        0  printfa.o(i._sputc)
    _sputc                                   0x0800409f   Thumb Code    10  printfa.o(i._sputc)
    i.atan                                   0x080040a8   Section        0  atan.o(i.atan)
    i.atan2                                  0x080042c8   Section        0  atan2.o(i.atan2)
    i.atof                                   0x08004464   Section        0  atof.o(i.atof)
    i.main                                   0x08004490   Section        0  main.o(i.main)
    .constdata                               0x08004c30   Section     4342  oled_data.o(.constdata)
    .constdata                               0x08005d28   Section      152  atan.o(.constdata)
    atanhi                                   0x08005d28   Data          32  atan.o(.constdata)
    atanlo                                   0x08005d48   Data          32  atan.o(.constdata)
    aTodd                                    0x08005d68   Data          40  atan.o(.constdata)
    aTeven                                   0x08005d90   Data          48  atan.o(.constdata)
    .constdata                               0x08005dc0   Section        8  qnan.o(.constdata)
    .constdata                               0x08005dc8   Section      129  ctype_o.o(.constdata)
    .constdata                               0x08005e4c   Section        4  ctype_o.o(.constdata)
    table                                    0x08005e4c   Data           4  ctype_o.o(.constdata)
    .data                                    0x20000000   Section       20  stm32f10x_rcc.o(.data)
    APBAHBPrescTable                         0x20000000   Data          16  stm32f10x_rcc.o(.data)
    ADCPrescTable                            0x20000010   Data           4  stm32f10x_rcc.o(.data)
    .data                                    0x20000014   Section       39  key.o(.data)
    Count                                    0x20000038   Data           1  key.o(.data)
    CurrState                                0x20000039   Data           1  key.o(.data)
    PrevState                                0x2000003a   Data           1  key.o(.data)
    .data                                    0x2000003c   Section      696  serial.o(.data)
    .data                                    0x200002f4   Section       50  nrf24l01.o(.data)
    .data                                    0x20000328   Section      118  main.o(.data)
    AnglePID_Cnt                             0x2000039b   Data           1  main.o(.data)
    Speed_TurnPID_Cnt                        0x2000039c   Data           2  main.o(.data)
    .data                                    0x200003a0   Section      300  pid.o(.data)
    .data                                    0x200004cc   Section        4  strtok.o(.data)
    state                                    0x200004cc   Data           4  strtok.o(.data)
    .data                                    0x200004d0   Section        4  errno.o(.data)
    _errno                                   0x200004d0   Data           4  errno.o(.data)
    .bss                                     0x200004d4   Section     1024  oled.o(.bss)
    .bss                                     0x200008d4   Section       64  nrf24l01.o(.bss)
    STACK                                    0x20000918   Section     1024  startup_stm32f10x_md.o(STACK)

    Global Symbols

    Symbol Name                              Value     Ov Type        Size  Object(Section)

    BuildAttributes$$THM_ISAv4$P$D$K$B$S$PE$A:L22UL41UL21$X:L11$S22US41US21$IEEE1$IW$USESV6$~STKCKD$USESV7$~SHL$OTIME$ROPI$IEEEX$EBA8$MICROLIB$REQ8$PRES8$EABIv2 0x00000000   Number         0  anon$$obj.o ABSOLUTE
    __ARM_use_no_argv                        0x00000000   Number         0  main.o ABSOLUTE
    __arm_fini_                               - Undefined Weak Reference
    __cpp_initialize__aeabi_                  - Undefined Weak Reference
    __cxa_finalize                            - Undefined Weak Reference
    _clock_init                               - Undefined Weak Reference
    _microlib_exit                            - Undefined Weak Reference
    __Vectors_Size                           0x000000ec   Number         0  startup_stm32f10x_md.o ABSOLUTE
    __Vectors                                0x08000000   Data           4  startup_stm32f10x_md.o(RESET)
    __Vectors_End                            0x080000ec   Data           0  startup_stm32f10x_md.o(RESET)
    __main                                   0x080000ed   Thumb Code     0  entry.o(.ARM.Collect$$$$00000000)
    _main_stk                                0x080000ed   Thumb Code     0  entry2.o(.ARM.Collect$$$$00000001)
    _main_scatterload                        0x080000f1   Thumb Code     0  entry5.o(.ARM.Collect$$$$00000004)
    __main_after_scatterload                 0x080000f5   Thumb Code     0  entry5.o(.ARM.Collect$$$$00000004)
    _main_clock                              0x080000f5   Thumb Code     0  entry7b.o(.ARM.Collect$$$$00000008)
    _main_cpp_init                           0x080000f5   Thumb Code     0  entry8b.o(.ARM.Collect$$$$0000000A)
    _main_init                               0x080000f5   Thumb Code     0  entry9a.o(.ARM.Collect$$$$0000000B)
    __rt_lib_shutdown_fini                   0x080000fd   Thumb Code     0  entry12b.o(.ARM.Collect$$$$0000000E)
    __rt_final_cpp                           0x08000101   Thumb Code     0  entry10a.o(.ARM.Collect$$$$0000000F)
    __rt_final_exit                          0x08000101   Thumb Code     0  entry11a.o(.ARM.Collect$$$$00000011)
    Reset_Handler                            0x08000105   Thumb Code     8  startup_stm32f10x_md.o(.text)
    ADC1_2_IRQHandler                        0x0800011f   Thumb Code     0  startup_stm32f10x_md.o(.text)
    CAN1_RX1_IRQHandler                      0x0800011f   Thumb Code     0  startup_stm32f10x_md.o(.text)
    CAN1_SCE_IRQHandler                      0x0800011f   Thumb Code     0  startup_stm32f10x_md.o(.text)
    DMA1_Channel1_IRQHandler                 0x0800011f   Thumb Code     0  startup_stm32f10x_md.o(.text)
    DMA1_Channel2_IRQHandler                 0x0800011f   Thumb Code     0  startup_stm32f10x_md.o(.text)
    DMA1_Channel3_IRQHandler                 0x0800011f   Thumb Code     0  startup_stm32f10x_md.o(.text)
    DMA1_Channel4_IRQHandler                 0x0800011f   Thumb Code     0  startup_stm32f10x_md.o(.text)
    DMA1_Channel5_IRQHandler                 0x0800011f   Thumb Code     0  startup_stm32f10x_md.o(.text)
    DMA1_Channel6_IRQHandler                 0x0800011f   Thumb Code     0  startup_stm32f10x_md.o(.text)
    DMA1_Channel7_IRQHandler                 0x0800011f   Thumb Code     0  startup_stm32f10x_md.o(.text)
    EXTI0_IRQHandler                         0x0800011f   Thumb Code     0  startup_stm32f10x_md.o(.text)
    EXTI15_10_IRQHandler                     0x0800011f   Thumb Code     0  startup_stm32f10x_md.o(.text)
    EXTI1_IRQHandler                         0x0800011f   Thumb Code     0  startup_stm32f10x_md.o(.text)
    EXTI2_IRQHandler                         0x0800011f   Thumb Code     0  startup_stm32f10x_md.o(.text)
    EXTI3_IRQHandler                         0x0800011f   Thumb Code     0  startup_stm32f10x_md.o(.text)
    EXTI4_IRQHandler                         0x0800011f   Thumb Code     0  startup_stm32f10x_md.o(.text)
    EXTI9_5_IRQHandler                       0x0800011f   Thumb Code     0  startup_stm32f10x_md.o(.text)
    FLASH_IRQHandler                         0x0800011f   Thumb Code     0  startup_stm32f10x_md.o(.text)
    I2C1_ER_IRQHandler                       0x0800011f   Thumb Code     0  startup_stm32f10x_md.o(.text)
    I2C1_EV_IRQHandler                       0x0800011f   Thumb Code     0  startup_stm32f10x_md.o(.text)
    I2C2_ER_IRQHandler                       0x0800011f   Thumb Code     0  startup_stm32f10x_md.o(.text)
    I2C2_EV_IRQHandler                       0x0800011f   Thumb Code     0  startup_stm32f10x_md.o(.text)
    PVD_IRQHandler                           0x0800011f   Thumb Code     0  startup_stm32f10x_md.o(.text)
    RCC_IRQHandler                           0x0800011f   Thumb Code     0  startup_stm32f10x_md.o(.text)
    RTCAlarm_IRQHandler                      0x0800011f   Thumb Code     0  startup_stm32f10x_md.o(.text)
    RTC_IRQHandler                           0x0800011f   Thumb Code     0  startup_stm32f10x_md.o(.text)
    SPI1_IRQHandler                          0x0800011f   Thumb Code     0  startup_stm32f10x_md.o(.text)
    SPI2_IRQHandler                          0x0800011f   Thumb Code     0  startup_stm32f10x_md.o(.text)
    TAMPER_IRQHandler                        0x0800011f   Thumb Code     0  startup_stm32f10x_md.o(.text)
    TIM1_BRK_IRQHandler                      0x0800011f   Thumb Code     0  startup_stm32f10x_md.o(.text)
    TIM1_CC_IRQHandler                       0x0800011f   Thumb Code     0  startup_stm32f10x_md.o(.text)
    TIM1_TRG_COM_IRQHandler                  0x0800011f   Thumb Code     0  startup_stm32f10x_md.o(.text)
    TIM2_IRQHandler                          0x0800011f   Thumb Code     0  startup_stm32f10x_md.o(.text)
    TIM3_IRQHandler                          0x0800011f   Thumb Code     0  startup_stm32f10x_md.o(.text)
    TIM4_IRQHandler                          0x0800011f   Thumb Code     0  startup_stm32f10x_md.o(.text)
    USART3_IRQHandler                        0x0800011f   Thumb Code     0  startup_stm32f10x_md.o(.text)
    USBWakeUp_IRQHandler                     0x0800011f   Thumb Code     0  startup_stm32f10x_md.o(.text)
    USB_HP_CAN1_TX_IRQHandler                0x0800011f   Thumb Code     0  startup_stm32f10x_md.o(.text)
    USB_LP_CAN1_RX0_IRQHandler               0x0800011f   Thumb Code     0  startup_stm32f10x_md.o(.text)
    WWDG_IRQHandler                          0x0800011f   Thumb Code     0  startup_stm32f10x_md.o(.text)
    strcmp                                   0x08000129   Thumb Code    28  strcmp.o(.text)
    strtok                                   0x08000145   Thumb Code    62  strtok.o(.text)
    atoi                                     0x08000189   Thumb Code    26  atoi.o(.text)
    __aeabi_fadd                             0x080001a3   Thumb Code   164  fadd.o(.text)
    __aeabi_fsub                             0x08000247   Thumb Code     6  fadd.o(.text)
    __aeabi_frsub                            0x0800024d   Thumb Code     6  fadd.o(.text)
    __aeabi_fmul                             0x08000253   Thumb Code   100  fmul.o(.text)
    __aeabi_fdiv                             0x080002b7   Thumb Code   124  fdiv.o(.text)
    __aeabi_dadd                             0x08000333   Thumb Code   322  dadd.o(.text)
    __aeabi_dsub                             0x08000475   Thumb Code     6  dadd.o(.text)
    __aeabi_drsub                            0x0800047b   Thumb Code     6  dadd.o(.text)
    __aeabi_dmul                             0x08000481   Thumb Code   228  dmul.o(.text)
    __aeabi_ddiv                             0x08000565   Thumb Code   222  ddiv.o(.text)
    __aeabi_i2f                              0x08000643   Thumb Code    18  fflti.o(.text)
    __aeabi_i2d                              0x08000655   Thumb Code    34  dflti.o(.text)
    __aeabi_f2iz                             0x08000677   Thumb Code    50  ffixi.o(.text)
    __aeabi_f2d                              0x080006a9   Thumb Code    38  f2d.o(.text)
    __aeabi_cdcmpeq                          0x080006d1   Thumb Code     0  cdcmple.o(.text)
    __aeabi_cdcmple                          0x080006d1   Thumb Code    48  cdcmple.o(.text)
    __aeabi_cdrcmple                         0x08000701   Thumb Code    48  cdrcmple.o(.text)
    __aeabi_d2f                              0x08000731   Thumb Code    56  d2f.o(.text)
    __aeabi_cfcmpeq                          0x08000769   Thumb Code     0  cfcmple.o(.text)
    __aeabi_cfcmple                          0x08000769   Thumb Code    20  cfcmple.o(.text)
    __aeabi_cfrcmple                         0x0800077d   Thumb Code    20  cfrcmple.o(.text)
    __aeabi_uidiv                            0x08000791   Thumb Code     0  uidiv.o(.text)
    __aeabi_uidivmod                         0x08000791   Thumb Code    44  uidiv.o(.text)
    __aeabi_uldivmod                         0x080007bd   Thumb Code    98  uldiv.o(.text)
    __aeabi_llsl                             0x0800081f   Thumb Code    30  llshl.o(.text)
    _ll_shift_l                              0x0800081f   Thumb Code     0  llshl.o(.text)
    __aeabi_llsr                             0x0800083d   Thumb Code    32  llushr.o(.text)
    _ll_ushift_r                             0x0800083d   Thumb Code     0  llushr.o(.text)
    __aeabi_lasr                             0x0800085d   Thumb Code    36  llsshr.o(.text)
    _ll_sshift_r                             0x0800085d   Thumb Code     0  llsshr.o(.text)
    __strtod_int                             0x080008b7   Thumb Code    90  strtod.o(.text)
    strtol                                   0x0800091d   Thumb Code   112  strtol.o(.text)
    __I$use$fp                               0x0800098d   Thumb Code     0  iusefp.o(.text)
    _float_round                             0x0800098d   Thumb Code    18  fepilogue.o(.text)
    _float_epilogue                          0x0800099f   Thumb Code    92  fepilogue.o(.text)
    _double_round                            0x080009fb   Thumb Code    30  depilogue.o(.text)
    _double_epilogue                         0x08000a19   Thumb Code   156  depilogue.o(.text)
    __aeabi_d2ulz                            0x08000ab5   Thumb Code    48  dfixul.o(.text)
    __scatterload                            0x08000ae5   Thumb Code    28  init.o(.text)
    __scatterload_rt2                        0x08000ae5   Thumb Code     0  init.o(.text)
    __rt_ctype_table                         0x08000b09   Thumb Code     4  ctype_o.o(.text)
    isspace                                  0x08000b11   Thumb Code    18  isspace_o.o(.text)
    _scanf_real                              0x08000c4d   Thumb Code     0  scanf_fp.o(.text)
    _scanf_really_real                       0x08000c4d   Thumb Code   556  scanf_fp.o(.text)
    _sgetc                                   0x08000e85   Thumb Code    30  _sgetc.o(.text)
    _sbackspace                              0x08000ea3   Thumb Code    34  _sgetc.o(.text)
    _strtoul                                 0x08000ec5   Thumb Code   158  _strtoul.o(.text)
    __ARM_scalbn                             0x08000f63   Thumb Code    46  dscalb.o(.text)
    scalbn                                   0x08000f63   Thumb Code     0  dscalb.o(.text)
    _chval                                   0x08000f91   Thumb Code    28  _chval.o(.text)
    __aeabi_ul2d                             0x08000fad   Thumb Code    24  dfltul.o(.text)
    __decompress                             0x08000fc5   Thumb Code     0  __dczerorl2.o(.text)
    __decompress1                            0x08000fc5   Thumb Code    86  __dczerorl2.o(.text)
    BusFault_Handler                         0x0800101b   Thumb Code     4  stm32f10x_it.o(i.BusFault_Handler)
    DebugMon_Handler                         0x0800101f   Thumb Code     2  stm32f10x_it.o(i.DebugMon_Handler)
    Encoder_GetConter                        0x08001021   Thumb Code    56  encoder.o(i.Encoder_GetConter)
    Encoder_Init                             0x08001061   Thumb Code   296  encoder.o(i.Encoder_Init)
    GPIO_Init                                0x08001199   Thumb Code   278  stm32f10x_gpio.o(i.GPIO_Init)
    GPIO_PinRemapConfig                      0x080012b1   Thumb Code   138  stm32f10x_gpio.o(i.GPIO_PinRemapConfig)
    GPIO_ReadInputDataBit                    0x08001341   Thumb Code    18  stm32f10x_gpio.o(i.GPIO_ReadInputDataBit)
    GPIO_ResetBits                           0x08001353   Thumb Code     4  stm32f10x_gpio.o(i.GPIO_ResetBits)
    GPIO_SetBits                             0x08001357   Thumb Code     4  stm32f10x_gpio.o(i.GPIO_SetBits)
    GPIO_WriteBit                            0x0800135b   Thumb Code    10  stm32f10x_gpio.o(i.GPIO_WriteBit)
    HardFault_Handler                        0x08001365   Thumb Code     4  stm32f10x_it.o(i.HardFault_Handler)
    Key_GetKeyState                          0x08001369   Thumb Code    12  key.o(i.Key_GetKeyState)
    Key_Init                                 0x080013cd   Thumb Code    66  key.o(i.Key_Init)
    Key_Tick                                 0x08001415   Thumb Code    64  key.o(i.Key_Tick)
    MPU6050_GetData                          0x08001465   Thumb Code   130  mpu6050.o(i.MPU6050_GetData)
    MPU6050_Init                             0x080014e7   Thumb Code    56  mpu6050.o(i.MPU6050_Init)
    MPU6050_ReadRegs                         0x0800151f   Thumb Code    94  mpu6050.o(i.MPU6050_ReadRegs)
    MPU6050_WriteReg                         0x0800157d   Thumb Code    46  mpu6050.o(i.MPU6050_WriteReg)
    MemManage_Handler                        0x080015ab   Thumb Code     4  stm32f10x_it.o(i.MemManage_Handler)
    Motor_Init                               0x080015b1   Thumb Code    44  motor.o(i.Motor_Init)
    Motor_SetSpeed                           0x080015e1   Thumb Code   150  motor.o(i.Motor_SetSpeed)
    MyI2C_Init                               0x0800167d   Thumb Code    50  myi2c.o(i.MyI2C_Init)
    MyI2C_ReceiveAck                         0x080016c9   Thumb Code    30  myi2c.o(i.MyI2C_ReceiveAck)
    MyI2C_ReceiveByte                        0x080016e7   Thumb Code    50  myi2c.o(i.MyI2C_ReceiveByte)
    MyI2C_SendAck                            0x08001719   Thumb Code    24  myi2c.o(i.MyI2C_SendAck)
    MyI2C_SendByte                           0x08001731   Thumb Code    42  myi2c.o(i.MyI2C_SendByte)
    MyI2C_Start                              0x0800175b   Thumb Code    28  myi2c.o(i.MyI2C_Start)
    MyI2C_Stop                               0x08001777   Thumb Code    22  myi2c.o(i.MyI2C_Stop)
    NMI_Handler                              0x080017bd   Thumb Code     2  stm32f10x_it.o(i.NMI_Handler)
    NRF24L01_FlushRx                         0x080017bf   Thumb Code    22  nrf24l01.o(i.NRF24L01_FlushRx)
    NRF24L01_FlushTx                         0x080017d5   Thumb Code    22  nrf24l01.o(i.NRF24L01_FlushTx)
    NRF24L01_GPIO_Init                       0x080017ed   Thumb Code   174  nrf24l01.o(i.NRF24L01_GPIO_Init)
    NRF24L01_Init                            0x080018a5   Thumb Code   102  nrf24l01.o(i.NRF24L01_Init)
    NRF24L01_R_MISO                          0x08001911   Thumb Code    14  nrf24l01.o(i.NRF24L01_R_MISO)
    NRF24L01_ReadReg                         0x08001925   Thumb Code    34  nrf24l01.o(i.NRF24L01_ReadReg)
    NRF24L01_ReadRxPayload                   0x08001947   Thumb Code    46  nrf24l01.o(i.NRF24L01_ReadRxPayload)
    NRF24L01_ReadStatus                      0x08001975   Thumb Code    26  nrf24l01.o(i.NRF24L01_ReadStatus)
    NRF24L01_Receive                         0x08001991   Thumb Code    84  nrf24l01.o(i.NRF24L01_Receive)
    NRF24L01_Rx                              0x080019e9   Thumb Code    44  nrf24l01.o(i.NRF24L01_Rx)
    NRF24L01_SPI_SwapByte                    0x08001a15   Thumb Code    66  nrf24l01.o(i.NRF24L01_SPI_SwapByte)
    NRF24L01_Send                            0x08001a59   Thumb Code   136  nrf24l01.o(i.NRF24L01_Send)
    NRF24L01_Tx                              0x08001aed   Thumb Code    48  nrf24l01.o(i.NRF24L01_Tx)
    NRF24L01_W_CE                            0x08001b1d   Thumb Code    18  nrf24l01.o(i.NRF24L01_W_CE)
    NRF24L01_W_CSN                           0x08001b35   Thumb Code    18  nrf24l01.o(i.NRF24L01_W_CSN)
    NRF24L01_W_MOSI                          0x08001b4d   Thumb Code    18  nrf24l01.o(i.NRF24L01_W_MOSI)
    NRF24L01_W_SCK                           0x08001b65   Thumb Code    18  nrf24l01.o(i.NRF24L01_W_SCK)
    NRF24L01_WriteReg                        0x08001b7d   Thumb Code    34  nrf24l01.o(i.NRF24L01_WriteReg)
    NRF24L01_WriteRegs                       0x08001b9f   Thumb Code    52  nrf24l01.o(i.NRF24L01_WriteRegs)
    NRF24L01_WriteTxPayload                  0x08001bd3   Thumb Code    44  nrf24l01.o(i.NRF24L01_WriteTxPayload)
    NVIC_Init                                0x08001c01   Thumb Code   100  misc.o(i.NVIC_Init)
    OLED_Clear                               0x08001c71   Thumb Code    36  oled.o(i.OLED_Clear)
    OLED_ClearArea                           0x08001c99   Thumb Code   140  oled.o(i.OLED_ClearArea)
    OLED_GPIO_Init                           0x08001d29   Thumb Code    92  oled.o(i.OLED_GPIO_Init)
    OLED_I2C_SendByte                        0x08001d89   Thumb Code    62  oled.o(i.OLED_I2C_SendByte)
    OLED_I2C_Start                           0x08001dc7   Thumb Code    28  oled.o(i.OLED_I2C_Start)
    OLED_I2C_Stop                            0x08001de3   Thumb Code    22  oled.o(i.OLED_I2C_Stop)
    OLED_Init                                0x08001df9   Thumb Code   154  oled.o(i.OLED_Init)
    OLED_Printf                              0x08001e93   Thumb Code    50  oled.o(i.OLED_Printf)
    OLED_SetCursor                           0x08001ec5   Thumb Code    34  oled.o(i.OLED_SetCursor)
    OLED_ShowChar                            0x08001ee9   Thumb Code    74  oled.o(i.OLED_ShowChar)
    OLED_ShowImage                           0x08001f3d   Thumb Code   248  oled.o(i.OLED_ShowImage)
    OLED_ShowString                          0x08002039   Thumb Code   442  oled.o(i.OLED_ShowString)
    OLED_Update                              0x080021fd   Thumb Code    36  oled.o(i.OLED_Update)
    OLED_W_SCL                               0x08002225   Thumb Code    18  oled.o(i.OLED_W_SCL)
    OLED_W_SDA                               0x0800223d   Thumb Code    18  oled.o(i.OLED_W_SDA)
    OLED_WriteCommand                        0x08002255   Thumb Code    32  oled.o(i.OLED_WriteCommand)
    OLED_WriteData                           0x08002275   Thumb Code    46  oled.o(i.OLED_WriteData)
    PID_GetOut                               0x080022a3   Thumb Code    12  pid.o(i.PID_GetOut)
    PID_GetTarget                            0x080022af   Thumb Code    12  pid.o(i.PID_GetTarget)
    PID_Init                                 0x080022bb   Thumb Code    22  pid.o(i.PID_Init)
    PID_SetActual                            0x080022d1   Thumb Code    10  pid.o(i.PID_SetActual)
    PID_SetTarget                            0x080022db   Thumb Code    10  pid.o(i.PID_SetTarget)
    PID_Update                               0x080022e5   Thumb Code   216  pid.o(i.PID_Update)
    PWM_Init                                 0x080023bd   Thumb Code   142  pwm.o(i.PWM_Init)
    PWM_SetCompare1                          0x08002451   Thumb Code    16  pwm.o(i.PWM_SetCompare1)
    PWM_SetCompare2                          0x08002461   Thumb Code    16  pwm.o(i.PWM_SetCompare2)
    PendSV_Handler                           0x08002471   Thumb Code     2  stm32f10x_it.o(i.PendSV_Handler)
    RCC_APB1PeriphClockCmd                   0x08002475   Thumb Code    26  stm32f10x_rcc.o(i.RCC_APB1PeriphClockCmd)
    RCC_APB2PeriphClockCmd                   0x08002495   Thumb Code    26  stm32f10x_rcc.o(i.RCC_APB2PeriphClockCmd)
    RCC_GetClocksFreq                        0x080024b5   Thumb Code   192  stm32f10x_rcc.o(i.RCC_GetClocksFreq)
    SVC_Handler                              0x08002589   Thumb Code     2  stm32f10x_it.o(i.SVC_Handler)
    Serial_GetData                           0x0800258b   Thumb Code    14  serial.o(i.Serial_GetData)
    Serial_GetRxFlag                         0x08002599   Thumb Code    28  serial.o(i.Serial_GetRxFlag)
    Serial_Init                              0x080025b5   Thumb Code   186  serial.o(i.Serial_Init)
    Serial_Printf                            0x0800266f   Thumb Code    42  serial.o(i.Serial_Printf)
    Serial_RxIrqHandler                      0x08002699   Thumb Code   104  serial.o(i.Serial_RxIrqHandler)
    Serial_SendByte                          0x08002701   Thumb Code    36  serial.o(i.Serial_SendByte)
    Serial_SendString                        0x08002725   Thumb Code    34  serial.o(i.Serial_SendString)
    SysTick_Handler                          0x08002831   Thumb Code     2  stm32f10x_it.o(i.SysTick_Handler)
    SystemInit                               0x08002835   Thumb Code    78  system_stm32f10x.o(i.SystemInit)
    TIM1_UP_IRQHandler                       0x08002ad5   Thumb Code  1376  main.o(i.TIM1_UP_IRQHandler)
    TIM_ClearFlag                            0x08003041   Thumb Code     6  stm32f10x_tim.o(i.TIM_ClearFlag)
    TIM_ClearITPendingBit                    0x08003047   Thumb Code     6  stm32f10x_tim.o(i.TIM_ClearITPendingBit)
    TIM_Cmd                                  0x0800304d   Thumb Code    24  stm32f10x_tim.o(i.TIM_Cmd)
    TIM_EncoderInterfaceConfig               0x08003065   Thumb Code    66  stm32f10x_tim.o(i.TIM_EncoderInterfaceConfig)
    TIM_GetCounter                           0x080030a7   Thumb Code     6  stm32f10x_tim.o(i.TIM_GetCounter)
    TIM_GetITStatus                          0x080030ad   Thumb Code    34  stm32f10x_tim.o(i.TIM_GetITStatus)
    TIM_ICInit                               0x080030d1   Thumb Code   150  stm32f10x_tim.o(i.TIM_ICInit)
    TIM_ICStructInit                         0x0800317d   Thumb Code    18  stm32f10x_tim.o(i.TIM_ICStructInit)
    TIM_ITConfig                             0x0800318f   Thumb Code    18  stm32f10x_tim.o(i.TIM_ITConfig)
    TIM_OC1Init                              0x080031a1   Thumb Code   132  stm32f10x_tim.o(i.TIM_OC1Init)
    TIM_OC2Init                              0x08003239   Thumb Code   154  stm32f10x_tim.o(i.TIM_OC2Init)
    TIM_OCStructInit                         0x080032dd   Thumb Code    20  stm32f10x_tim.o(i.TIM_OCStructInit)
    TIM_SetCompare1                          0x080032f1   Thumb Code     4  stm32f10x_tim.o(i.TIM_SetCompare1)
    TIM_SetCompare2                          0x080032f5   Thumb Code     4  stm32f10x_tim.o(i.TIM_SetCompare2)
    TIM_SetCounter                           0x080032f9   Thumb Code     4  stm32f10x_tim.o(i.TIM_SetCounter)
    TIM_SetIC1Prescaler                      0x080032fd   Thumb Code    18  stm32f10x_tim.o(i.TIM_SetIC1Prescaler)
    TIM_SetIC2Prescaler                      0x0800330f   Thumb Code    26  stm32f10x_tim.o(i.TIM_SetIC2Prescaler)
    TIM_SetIC3Prescaler                      0x08003329   Thumb Code    18  stm32f10x_tim.o(i.TIM_SetIC3Prescaler)
    TIM_SetIC4Prescaler                      0x0800333b   Thumb Code    26  stm32f10x_tim.o(i.TIM_SetIC4Prescaler)
    TIM_TimeBaseInit                         0x08003355   Thumb Code   122  stm32f10x_tim.o(i.TIM_TimeBaseInit)
    Timer_Init                               0x080033f9   Thumb Code   102  timer.o(i.Timer_Init)
    USART1_IRQHandler                        0x08003465   Thumb Code    52  serial.o(i.USART1_IRQHandler)
    USART2_IRQHandler                        0x0800349d   Thumb Code    52  serial.o(i.USART2_IRQHandler)
    USART_ClearITPendingBit                  0x080034d5   Thumb Code    30  stm32f10x_usart.o(i.USART_ClearITPendingBit)
    USART_Cmd                                0x080034f3   Thumb Code    24  stm32f10x_usart.o(i.USART_Cmd)
    USART_GetFlagStatus                      0x0800350b   Thumb Code    26  stm32f10x_usart.o(i.USART_GetFlagStatus)
    USART_GetITStatus                        0x08003525   Thumb Code    84  stm32f10x_usart.o(i.USART_GetITStatus)
    USART_ITConfig                           0x08003579   Thumb Code    74  stm32f10x_usart.o(i.USART_ITConfig)
    USART_Init                               0x080035c5   Thumb Code   210  stm32f10x_usart.o(i.USART_Init)
    USART_ReceiveData                        0x0800369d   Thumb Code    10  stm32f10x_usart.o(i.USART_ReceiveData)
    USART_SendData                           0x080036a7   Thumb Code     8  stm32f10x_usart.o(i.USART_SendData)
    UsageFault_Handler                       0x080036af   Thumb Code     4  stm32f10x_it.o(i.UsageFault_Handler)
    __0vsprintf                              0x080036b5   Thumb Code    30  printfa.o(i.__0vsprintf)
    __1vsprintf                              0x080036b5   Thumb Code     0  printfa.o(i.__0vsprintf)
    __2vsprintf                              0x080036b5   Thumb Code     0  printfa.o(i.__0vsprintf)
    __c89vsprintf                            0x080036b5   Thumb Code     0  printfa.o(i.__0vsprintf)
    vsprintf                                 0x080036b5   Thumb Code     0  printfa.o(i.__0vsprintf)
    __ARM_fpclassify                         0x080036d9   Thumb Code    40  fpclassify.o(i.__ARM_fpclassify)
    __aeabi_errno_addr                       0x08003701   Thumb Code     4  errno.o(i.__aeabi_errno_addr)
    __rt_errno_addr                          0x08003701   Thumb Code     0  errno.o(i.__aeabi_errno_addr)
    __kernel_poly                            0x08003709   Thumb Code   170  poly.o(i.__kernel_poly)
    __mathlib_dbl_infnan                     0x080037b3   Thumb Code     6  dunder.o(i.__mathlib_dbl_infnan)
    __mathlib_dbl_infnan2                    0x080037b9   Thumb Code     4  dunder.o(i.__mathlib_dbl_infnan2)
    __mathlib_dbl_underflow                  0x080037bd   Thumb Code    10  dunder.o(i.__mathlib_dbl_underflow)
    __read_errno                             0x080037cd   Thumb Code     6  errno.o(i.__read_errno)
    __scatterload_copy                       0x080037d9   Thumb Code    14  handlers.o(i.__scatterload_copy)
    __scatterload_null                       0x080037e7   Thumb Code     2  handlers.o(i.__scatterload_null)
    __scatterload_zeroinit                   0x080037e9   Thumb Code    14  handlers.o(i.__scatterload_zeroinit)
    __set_errno                              0x080037f9   Thumb Code     6  errno.o(i.__set_errno)
    _is_digit                                0x08003989   Thumb Code    14  scanf_fp.o(i._is_digit)
    atan                                     0x080040a9   Thumb Code   474  atan.o(i.atan)
    atan2                                    0x080042c9   Thumb Code   374  atan2.o(i.atan2)
    atof                                     0x08004465   Thumb Code    42  atof.o(i.atof)
    main                                     0x08004491   Thumb Code  1794  main.o(i.main)
    OLED_F8x16                               0x08004c30   Data        1520  oled_data.o(.constdata)
    OLED_F6x8                                0x08005220   Data         570  oled_data.o(.constdata)
    OLED_CF16x16                             0x0800545a   Data        2220  oled_data.o(.constdata)
    Diode                                    0x08005d06   Data          32  oled_data.o(.constdata)
    __mathlib_zero                           0x08005dc0   Data           8  qnan.o(.constdata)
    __ctype_table                            0x08005dc8   Data         129  ctype_o.o(.constdata)
    Region$$Table$$Base                      0x08005e50   Number         0  anon$$obj.o(Region$$Table)
    Region$$Table$$Limit                     0x08005e70   Number         0  anon$$obj.o(Region$$Table)
    KeyState                                 0x20000014   Data           1  key.o(.data)
    KeyArray                                 0x20000018   Data          32  key.o(.data)
    Serial                                   0x2000003c   Data         348  serial.o(.data)
    Serial_Bluetooth                         0x20000198   Data         348  serial.o(.data)
    NRF24L01_Config                          0x200002f4   Data          40  nrf24l01.o(.data)
    NRF24L01_TxAddress                       0x2000031c   Data           5  nrf24l01.o(.data)
    NRF24L01_RxAddress                       0x20000321   Data           5  nrf24l01.o(.data)
    ControlMode                              0x20000328   Data           1  main.o(.data)
    AX                                       0x2000032a   Data           2  main.o(.data)
    AY                                       0x2000032c   Data           2  main.o(.data)
    AZ                                       0x2000032e   Data           2  main.o(.data)
    GX                                       0x20000330   Data           2  main.o(.data)
    GY                                       0x20000332   Data           2  main.o(.data)
    GZ                                       0x20000334   Data           2  main.o(.data)
    InitialAngleAccError                     0x20000338   Data           4  main.o(.data)
    InitialGYError                           0x2000033c   Data           4  main.o(.data)
    InitialAngleError                        0x20000340   Data           4  main.o(.data)
    InitialGZError                           0x20000344   Data           4  main.o(.data)
    SpeedPIDOut                              0x20000348   Data           4  main.o(.data)
    TurnPIDOut                               0x2000034c   Data           4  main.o(.data)
    PositionPIDOut                           0x20000350   Data           4  main.o(.data)
    AngleAcc                                 0x20000354   Data           4  main.o(.data)
    AngleGyro_Y                              0x20000358   Data           4  main.o(.data)
    Alpha                                    0x2000035c   Data           4  main.o(.data)
    Angle                                    0x20000360   Data           4  main.o(.data)
    AngleGyro_Z                              0x20000364   Data           4  main.o(.data)
    TurnAngle                                0x20000368   Data           4  main.o(.data)
    LeftMtSpeed_Actual                       0x2000036c   Data           4  main.o(.data)
    RightMtSpeed_Actual                      0x20000370   Data           4  main.o(.data)
    AveMtSpeed_Actual                        0x20000374   Data           4  main.o(.data)
    DifMtSpeed_Actual                        0x20000378   Data           4  main.o(.data)
    LeftMtSpeed                              0x2000037c   Data           2  main.o(.data)
    RightMtSpeed                             0x2000037e   Data           2  main.o(.data)
    AveMtSpeed                               0x20000380   Data           2  main.o(.data)
    DifMtSpeed                               0x20000382   Data           2  main.o(.data)
    Revolution_Left                          0x20000384   Data           4  main.o(.data)
    Revolution_Right                         0x20000388   Data           4  main.o(.data)
    AveRevolution                            0x2000038c   Data           4  main.o(.data)
    AveRevolutionInt                         0x20000390   Data           4  main.o(.data)
    RunFlag                                  0x20000394   Data           1  main.o(.data)
    KNum                                     0x20000395   Data           1  main.o(.data)
    PacketOP                                 0x20000396   Data           1  main.o(.data)
    LH                                       0x20000397   Data           1  main.o(.data)
    LV                                       0x20000398   Data           1  main.o(.data)
    RH                                       0x20000399   Data           1  main.o(.data)
    RV                                       0x2000039a   Data           1  main.o(.data)
    PID_Angle                                0x200003a0   Data          60  pid.o(.data)
    PID_Speed                                0x200003dc   Data          60  pid.o(.data)
    PID_Position                             0x20000418   Data          60  pid.o(.data)
    PID_Turn                                 0x20000454   Data          60  pid.o(.data)
    PID_TurnAngle                            0x20000490   Data          60  pid.o(.data)
    OLED_DisplayBuf                          0x200004d4   Data        1024  oled.o(.bss)
    NRF24L01_TxPacket                        0x200008d4   Data          32  nrf24l01.o(.bss)
    NRF24L01_RxPacket                        0x200008f4   Data          32  nrf24l01.o(.bss)
    __initial_sp                             0x20000d18   Data           0  startup_stm32f10x_md.o(STACK)



==============================================================================

Memory Map of the image

  Image Entry point : 0x080000ed

  Load Region LR_IROM1 (Base: 0x08000000, Size: 0x00006344, Max: 0x00010000, ABSOLUTE, COMPRESSED[0x00005f58])

    Execution Region ER_IROM1 (Exec base: 0x08000000, Load base: 0x08000000, Size: 0x00005e70, Max: 0x00010000, ABSOLUTE)

    Exec Addr    Load Addr    Size         Type   Attr      Idx    E Section Name        Object

    0x08000000   0x08000000   0x000000ec   Data   RO            3    RESET               startup_stm32f10x_md.o
    0x080000ec   0x080000ec   0x00000000   Code   RO         4191  * .ARM.Collect$$$$00000000  mc_w.l(entry.o)
    0x080000ec   0x080000ec   0x00000004   Code   RO         4293    .ARM.Collect$$$$00000001  mc_w.l(entry2.o)
    0x080000f0   0x080000f0   0x00000004   Code   RO         4296    .ARM.Collect$$$$00000004  mc_w.l(entry5.o)
    0x080000f4   0x080000f4   0x00000000   Code   RO         4298    .ARM.Collect$$$$00000008  mc_w.l(entry7b.o)
    0x080000f4   0x080000f4   0x00000000   Code   RO         4300    .ARM.Collect$$$$0000000A  mc_w.l(entry8b.o)
    0x080000f4   0x080000f4   0x00000008   Code   RO         4301    .ARM.Collect$$$$0000000B  mc_w.l(entry9a.o)
    0x080000fc   0x080000fc   0x00000004   Code   RO         4308    .ARM.Collect$$$$0000000E  mc_w.l(entry12b.o)
    0x08000100   0x08000100   0x00000000   Code   RO         4303    .ARM.Collect$$$$0000000F  mc_w.l(entry10a.o)
    0x08000100   0x08000100   0x00000000   Code   RO         4305    .ARM.Collect$$$$00000011  mc_w.l(entry11a.o)
    0x08000100   0x08000100   0x00000004   Code   RO         4294    .ARM.Collect$$$$00002712  mc_w.l(entry2.o)
    0x08000104   0x08000104   0x00000024   Code   RO            4    .text               startup_stm32f10x_md.o
    0x08000128   0x08000128   0x0000001c   Code   RO         4194    .text               mc_w.l(strcmp.o)
    0x08000144   0x08000144   0x00000044   Code   RO         4196    .text               mc_w.l(strtok.o)
    0x08000188   0x08000188   0x0000001a   Code   RO         4230    .text               mc_w.l(atoi.o)
    0x080001a2   0x080001a2   0x000000b0   Code   RO         4232    .text               mf_w.l(fadd.o)
    0x08000252   0x08000252   0x00000064   Code   RO         4234    .text               mf_w.l(fmul.o)
    0x080002b6   0x080002b6   0x0000007c   Code   RO         4236    .text               mf_w.l(fdiv.o)
    0x08000332   0x08000332   0x0000014e   Code   RO         4238    .text               mf_w.l(dadd.o)
    0x08000480   0x08000480   0x000000e4   Code   RO         4240    .text               mf_w.l(dmul.o)
    0x08000564   0x08000564   0x000000de   Code   RO         4242    .text               mf_w.l(ddiv.o)
    0x08000642   0x08000642   0x00000012   Code   RO         4244    .text               mf_w.l(fflti.o)
    0x08000654   0x08000654   0x00000022   Code   RO         4246    .text               mf_w.l(dflti.o)
    0x08000676   0x08000676   0x00000032   Code   RO         4250    .text               mf_w.l(ffixi.o)
    0x080006a8   0x080006a8   0x00000026   Code   RO         4256    .text               mf_w.l(f2d.o)
    0x080006ce   0x080006ce   0x00000002   PAD
    0x080006d0   0x080006d0   0x00000030   Code   RO         4258    .text               mf_w.l(cdcmple.o)
    0x08000700   0x08000700   0x00000030   Code   RO         4260    .text               mf_w.l(cdrcmple.o)
    0x08000730   0x08000730   0x00000038   Code   RO         4262    .text               mf_w.l(d2f.o)
    0x08000768   0x08000768   0x00000014   Code   RO         4264    .text               mf_w.l(cfcmple.o)
    0x0800077c   0x0800077c   0x00000014   Code   RO         4266    .text               mf_w.l(cfrcmple.o)
    0x08000790   0x08000790   0x0000002c   Code   RO         4310    .text               mc_w.l(uidiv.o)
    0x080007bc   0x080007bc   0x00000062   Code   RO         4312    .text               mc_w.l(uldiv.o)
    0x0800081e   0x0800081e   0x0000001e   Code   RO         4314    .text               mc_w.l(llshl.o)
    0x0800083c   0x0800083c   0x00000020   Code   RO         4316    .text               mc_w.l(llushr.o)
    0x0800085c   0x0800085c   0x00000024   Code   RO         4318    .text               mc_w.l(llsshr.o)
    0x08000880   0x08000880   0x0000009c   Code   RO         4327    .text               mc_w.l(strtod.o)
    0x0800091c   0x0800091c   0x00000070   Code   RO         4329    .text               mc_w.l(strtol.o)
    0x0800098c   0x0800098c   0x00000000   Code   RO         4331    .text               mc_w.l(iusefp.o)
    0x0800098c   0x0800098c   0x0000006e   Code   RO         4332    .text               mf_w.l(fepilogue.o)
    0x080009fa   0x080009fa   0x000000ba   Code   RO         4334    .text               mf_w.l(depilogue.o)
    0x08000ab4   0x08000ab4   0x00000030   Code   RO         4338    .text               mf_w.l(dfixul.o)
    0x08000ae4   0x08000ae4   0x00000024   Code   RO         4344    .text               mc_w.l(init.o)
    0x08000b08   0x08000b08   0x00000008   Code   RO         4348    .text               mc_w.l(ctype_o.o)
    0x08000b10   0x08000b10   0x00000012   Code   RO         4370    .text               mc_w.l(isspace_o.o)
    0x08000b22   0x08000b22   0x00000002   PAD
    0x08000b24   0x08000b24   0x00000360   Code   RO         4376    .text               mc_w.l(scanf_fp.o)
    0x08000e84   0x08000e84   0x00000040   Code   RO         4380    .text               mc_w.l(_sgetc.o)
    0x08000ec4   0x08000ec4   0x0000009e   Code   RO         4382    .text               mc_w.l(_strtoul.o)
    0x08000f62   0x08000f62   0x0000002e   Code   RO         4384    .text               mf_w.l(dscalb.o)
    0x08000f90   0x08000f90   0x0000001c   Code   RO         4389    .text               mc_w.l(_chval.o)
    0x08000fac   0x08000fac   0x00000018   Code   RO         4391    .text               mf_w.l(dfltul.o)
    0x08000fc4   0x08000fc4   0x00000056   Code   RO         4401    .text               mc_w.l(__dczerorl2.o)
    0x0800101a   0x0800101a   0x00000004   Code   RO         4026    i.BusFault_Handler  stm32f10x_it.o
    0x0800101e   0x0800101e   0x00000002   Code   RO         4027    i.DebugMon_Handler  stm32f10x_it.o
    0x08001020   0x08001020   0x00000040   Code   RO         3481    i.Encoder_GetConter  encoder.o
    0x08001060   0x08001060   0x00000138   Code   RO         3482    i.Encoder_Init      encoder.o
    0x08001198   0x08001198   0x00000116   Code   RO         1347    i.GPIO_Init         stm32f10x_gpio.o
    0x080012ae   0x080012ae   0x00000002   PAD
    0x080012b0   0x080012b0   0x00000090   Code   RO         1349    i.GPIO_PinRemapConfig  stm32f10x_gpio.o
    0x08001340   0x08001340   0x00000012   Code   RO         1351    i.GPIO_ReadInputDataBit  stm32f10x_gpio.o
    0x08001352   0x08001352   0x00000004   Code   RO         1354    i.GPIO_ResetBits    stm32f10x_gpio.o
    0x08001356   0x08001356   0x00000004   Code   RO         1355    i.GPIO_SetBits      stm32f10x_gpio.o
    0x0800135a   0x0800135a   0x0000000a   Code   RO         1358    i.GPIO_WriteBit     stm32f10x_gpio.o
    0x08001364   0x08001364   0x00000004   Code   RO         4028    i.HardFault_Handler  stm32f10x_it.o
    0x08001368   0x08001368   0x00000010   Code   RO         3678    i.Key_GetKeyState   key.o
    0x08001378   0x08001378   0x00000054   Code   RO         3679    i.Key_GetValue      key.o
    0x080013cc   0x080013cc   0x00000048   Code   RO         3680    i.Key_Init          key.o
    0x08001414   0x08001414   0x00000050   Code   RO         3681    i.Key_Tick          key.o
    0x08001464   0x08001464   0x00000082   Code   RO         3585    i.MPU6050_GetData   mpu6050.o
    0x080014e6   0x080014e6   0x00000038   Code   RO         3587    i.MPU6050_Init      mpu6050.o
    0x0800151e   0x0800151e   0x0000005e   Code   RO         3589    i.MPU6050_ReadRegs  mpu6050.o
    0x0800157c   0x0800157c   0x0000002e   Code   RO         3590    i.MPU6050_WriteReg  mpu6050.o
    0x080015aa   0x080015aa   0x00000004   Code   RO         4029    i.MemManage_Handler  stm32f10x_it.o
    0x080015ae   0x080015ae   0x00000002   PAD
    0x080015b0   0x080015b0   0x00000030   Code   RO         3657    i.Motor_Init        motor.o
    0x080015e0   0x080015e0   0x0000009c   Code   RO         3658    i.Motor_SetSpeed    motor.o
    0x0800167c   0x0800167c   0x00000038   Code   RO         3514    i.MyI2C_Init        myi2c.o
    0x080016b4   0x080016b4   0x00000014   Code   RO         3516    i.MyI2C_R_SDA       myi2c.o
    0x080016c8   0x080016c8   0x0000001e   Code   RO         3517    i.MyI2C_ReceiveAck  myi2c.o
    0x080016e6   0x080016e6   0x00000032   Code   RO         3518    i.MyI2C_ReceiveByte  myi2c.o
    0x08001718   0x08001718   0x00000018   Code   RO         3519    i.MyI2C_SendAck     myi2c.o
    0x08001730   0x08001730   0x0000002a   Code   RO         3520    i.MyI2C_SendByte    myi2c.o
    0x0800175a   0x0800175a   0x0000001c   Code   RO         3521    i.MyI2C_Start       myi2c.o
    0x08001776   0x08001776   0x00000016   Code   RO         3522    i.MyI2C_Stop        myi2c.o
    0x0800178c   0x0800178c   0x00000018   Code   RO         3523    i.MyI2C_W_SCL       myi2c.o
    0x080017a4   0x080017a4   0x00000018   Code   RO         3524    i.MyI2C_W_SDA       myi2c.o
    0x080017bc   0x080017bc   0x00000002   Code   RO         4030    i.NMI_Handler       stm32f10x_it.o
    0x080017be   0x080017be   0x00000016   Code   RO         3789    i.NRF24L01_FlushRx  nrf24l01.o
    0x080017d4   0x080017d4   0x00000016   Code   RO         3790    i.NRF24L01_FlushTx  nrf24l01.o
    0x080017ea   0x080017ea   0x00000002   PAD
    0x080017ec   0x080017ec   0x000000b8   Code   RO         3791    i.NRF24L01_GPIO_Init  nrf24l01.o
    0x080018a4   0x080018a4   0x0000006c   Code   RO         3792    i.NRF24L01_Init     nrf24l01.o
    0x08001910   0x08001910   0x00000014   Code   RO         3794    i.NRF24L01_R_MISO   nrf24l01.o
    0x08001924   0x08001924   0x00000022   Code   RO         3795    i.NRF24L01_ReadReg  nrf24l01.o
    0x08001946   0x08001946   0x0000002e   Code   RO         3797    i.NRF24L01_ReadRxPayload  nrf24l01.o
    0x08001974   0x08001974   0x0000001a   Code   RO         3798    i.NRF24L01_ReadStatus  nrf24l01.o
    0x0800198e   0x0800198e   0x00000002   PAD
    0x08001990   0x08001990   0x00000058   Code   RO         3799    i.NRF24L01_Receive  nrf24l01.o
    0x080019e8   0x080019e8   0x0000002c   Code   RO         3800    i.NRF24L01_Rx       nrf24l01.o
    0x08001a14   0x08001a14   0x00000042   Code   RO         3801    i.NRF24L01_SPI_SwapByte  nrf24l01.o
    0x08001a56   0x08001a56   0x00000002   PAD
    0x08001a58   0x08001a58   0x00000094   Code   RO         3802    i.NRF24L01_Send     nrf24l01.o
    0x08001aec   0x08001aec   0x00000030   Code   RO         3804    i.NRF24L01_Tx       nrf24l01.o
    0x08001b1c   0x08001b1c   0x00000018   Code   RO         3806    i.NRF24L01_W_CE     nrf24l01.o
    0x08001b34   0x08001b34   0x00000018   Code   RO         3807    i.NRF24L01_W_CSN    nrf24l01.o
    0x08001b4c   0x08001b4c   0x00000018   Code   RO         3808    i.NRF24L01_W_MOSI   nrf24l01.o
    0x08001b64   0x08001b64   0x00000018   Code   RO         3809    i.NRF24L01_W_SCK    nrf24l01.o
    0x08001b7c   0x08001b7c   0x00000022   Code   RO         3810    i.NRF24L01_WriteReg  nrf24l01.o
    0x08001b9e   0x08001b9e   0x00000034   Code   RO         3811    i.NRF24L01_WriteRegs  nrf24l01.o
    0x08001bd2   0x08001bd2   0x0000002c   Code   RO         3812    i.NRF24L01_WriteTxPayload  nrf24l01.o
    0x08001bfe   0x08001bfe   0x00000002   PAD
    0x08001c00   0x08001c00   0x00000070   Code   RO          137    i.NVIC_Init         misc.o
    0x08001c70   0x08001c70   0x00000028   Code   RO         3235    i.OLED_Clear        oled.o
    0x08001c98   0x08001c98   0x00000090   Code   RO         3236    i.OLED_ClearArea    oled.o
    0x08001d28   0x08001d28   0x00000060   Code   RO         3244    i.OLED_GPIO_Init    oled.o
    0x08001d88   0x08001d88   0x0000003e   Code   RO         3246    i.OLED_I2C_SendByte  oled.o
    0x08001dc6   0x08001dc6   0x0000001c   Code   RO         3247    i.OLED_I2C_Start    oled.o
    0x08001de2   0x08001de2   0x00000016   Code   RO         3248    i.OLED_I2C_Stop     oled.o
    0x08001df8   0x08001df8   0x0000009a   Code   RO         3249    i.OLED_Init         oled.o
    0x08001e92   0x08001e92   0x00000032   Code   RO         3252    i.OLED_Printf       oled.o
    0x08001ec4   0x08001ec4   0x00000022   Code   RO         3255    i.OLED_SetCursor    oled.o
    0x08001ee6   0x08001ee6   0x00000002   PAD
    0x08001ee8   0x08001ee8   0x00000054   Code   RO         3257    i.OLED_ShowChar     oled.o
    0x08001f3c   0x08001f3c   0x000000fc   Code   RO         3260    i.OLED_ShowImage    oled.o
    0x08002038   0x08002038   0x000001c4   Code   RO         3263    i.OLED_ShowString   oled.o
    0x080021fc   0x080021fc   0x00000028   Code   RO         3264    i.OLED_Update       oled.o
    0x08002224   0x08002224   0x00000018   Code   RO         3266    i.OLED_W_SCL        oled.o
    0x0800223c   0x0800223c   0x00000018   Code   RO         3267    i.OLED_W_SDA        oled.o
    0x08002254   0x08002254   0x00000020   Code   RO         3268    i.OLED_WriteCommand  oled.o
    0x08002274   0x08002274   0x0000002e   Code   RO         3269    i.OLED_WriteData    oled.o
    0x080022a2   0x080022a2   0x0000000c   Code   RO         4092    i.PID_GetOut        pid.o
    0x080022ae   0x080022ae   0x0000000c   Code   RO         4093    i.PID_GetTarget     pid.o
    0x080022ba   0x080022ba   0x00000016   Code   RO         4094    i.PID_Init          pid.o
    0x080022d0   0x080022d0   0x0000000a   Code   RO         4095    i.PID_SetActual     pid.o
    0x080022da   0x080022da   0x0000000a   Code   RO         4099    i.PID_SetTarget     pid.o
    0x080022e4   0x080022e4   0x000000d8   Code   RO         4100    i.PID_Update        pid.o
    0x080023bc   0x080023bc   0x00000094   Code   RO         3630    i.PWM_Init          pwm.o
    0x08002450   0x08002450   0x00000010   Code   RO         3631    i.PWM_SetCompare1   pwm.o
    0x08002460   0x08002460   0x00000010   Code   RO         3632    i.PWM_SetCompare2   pwm.o
    0x08002470   0x08002470   0x00000002   Code   RO         4031    i.PendSV_Handler    stm32f10x_it.o
    0x08002472   0x08002472   0x00000002   PAD
    0x08002474   0x08002474   0x00000020   Code   RO         1775    i.RCC_APB1PeriphClockCmd  stm32f10x_rcc.o
    0x08002494   0x08002494   0x00000020   Code   RO         1777    i.RCC_APB2PeriphClockCmd  stm32f10x_rcc.o
    0x080024b4   0x080024b4   0x000000d4   Code   RO         1785    i.RCC_GetClocksFreq  stm32f10x_rcc.o
    0x08002588   0x08002588   0x00000002   Code   RO         4032    i.SVC_Handler       stm32f10x_it.o
    0x0800258a   0x0800258a   0x0000000e   Code   RO         3713    i.Serial_GetData    serial.o
    0x08002598   0x08002598   0x0000001c   Code   RO         3714    i.Serial_GetRxFlag  serial.o
    0x080025b4   0x080025b4   0x000000ba   Code   RO         3715    i.Serial_Init       serial.o
    0x0800266e   0x0800266e   0x0000002a   Code   RO         3716    i.Serial_Printf     serial.o
    0x08002698   0x08002698   0x00000068   Code   RO         3717    i.Serial_RxIrqHandler  serial.o
    0x08002700   0x08002700   0x00000024   Code   RO         3718    i.Serial_SendByte   serial.o
    0x08002724   0x08002724   0x00000022   Code   RO         3719    i.Serial_SendString  serial.o
    0x08002746   0x08002746   0x00000008   Code   RO           24    i.SetSysClock       system_stm32f10x.o
    0x0800274e   0x0800274e   0x00000002   PAD
    0x08002750   0x08002750   0x000000e0   Code   RO           25    i.SetSysClockTo72   system_stm32f10x.o
    0x08002830   0x08002830   0x00000002   Code   RO         4033    i.SysTick_Handler   stm32f10x_it.o
    0x08002832   0x08002832   0x00000002   PAD
    0x08002834   0x08002834   0x00000060   Code   RO           27    i.SystemInit        system_stm32f10x.o
    0x08002894   0x08002894   0x00000080   Code   RO         2405    i.TI1_Config        stm32f10x_tim.o
    0x08002914   0x08002914   0x00000098   Code   RO         2406    i.TI2_Config        stm32f10x_tim.o
    0x080029ac   0x080029ac   0x00000090   Code   RO         2407    i.TI3_Config        stm32f10x_tim.o
    0x08002a3c   0x08002a3c   0x00000098   Code   RO         2408    i.TI4_Config        stm32f10x_tim.o
    0x08002ad4   0x08002ad4   0x0000056c   Code   RO         3949    i.TIM1_UP_IRQHandler  main.o
    0x08003040   0x08003040   0x00000006   Code   RO         2415    i.TIM_ClearFlag     stm32f10x_tim.o
    0x08003046   0x08003046   0x00000006   Code   RO         2416    i.TIM_ClearITPendingBit  stm32f10x_tim.o
    0x0800304c   0x0800304c   0x00000018   Code   RO         2421    i.TIM_Cmd           stm32f10x_tim.o
    0x08003064   0x08003064   0x00000042   Code   RO         2430    i.TIM_EncoderInterfaceConfig  stm32f10x_tim.o
    0x080030a6   0x080030a6   0x00000006   Code   RO         2440    i.TIM_GetCounter    stm32f10x_tim.o
    0x080030ac   0x080030ac   0x00000022   Code   RO         2442    i.TIM_GetITStatus   stm32f10x_tim.o
    0x080030ce   0x080030ce   0x00000002   PAD
    0x080030d0   0x080030d0   0x000000ac   Code   RO         2444    i.TIM_ICInit        stm32f10x_tim.o
    0x0800317c   0x0800317c   0x00000012   Code   RO         2445    i.TIM_ICStructInit  stm32f10x_tim.o
    0x0800318e   0x0800318e   0x00000012   Code   RO         2446    i.TIM_ITConfig      stm32f10x_tim.o
    0x080031a0   0x080031a0   0x00000098   Code   RO         2450    i.TIM_OC1Init       stm32f10x_tim.o
    0x08003238   0x08003238   0x000000a4   Code   RO         2455    i.TIM_OC2Init       stm32f10x_tim.o
    0x080032dc   0x080032dc   0x00000014   Code   RO         2468    i.TIM_OCStructInit  stm32f10x_tim.o
    0x080032f0   0x080032f0   0x00000004   Code   RO         2482    i.TIM_SetCompare1   stm32f10x_tim.o
    0x080032f4   0x080032f4   0x00000004   Code   RO         2483    i.TIM_SetCompare2   stm32f10x_tim.o
    0x080032f8   0x080032f8   0x00000004   Code   RO         2486    i.TIM_SetCounter    stm32f10x_tim.o
    0x080032fc   0x080032fc   0x00000012   Code   RO         2487    i.TIM_SetIC1Prescaler  stm32f10x_tim.o
    0x0800330e   0x0800330e   0x0000001a   Code   RO         2488    i.TIM_SetIC2Prescaler  stm32f10x_tim.o
    0x08003328   0x08003328   0x00000012   Code   RO         2489    i.TIM_SetIC3Prescaler  stm32f10x_tim.o
    0x0800333a   0x0800333a   0x0000001a   Code   RO         2490    i.TIM_SetIC4Prescaler  stm32f10x_tim.o
    0x08003354   0x08003354   0x000000a4   Code   RO         2492    i.TIM_TimeBaseInit  stm32f10x_tim.o
    0x080033f8   0x080033f8   0x0000006c   Code   RO         3220    i.Timer_Init        timer.o
    0x08003464   0x08003464   0x00000038   Code   RO         3720    i.USART1_IRQHandler  serial.o
    0x0800349c   0x0800349c   0x00000038   Code   RO         3721    i.USART2_IRQHandler  serial.o
    0x080034d4   0x080034d4   0x0000001e   Code   RO         2957    i.USART_ClearITPendingBit  stm32f10x_usart.o
    0x080034f2   0x080034f2   0x00000018   Code   RO         2960    i.USART_Cmd         stm32f10x_usart.o
    0x0800350a   0x0800350a   0x0000001a   Code   RO         2963    i.USART_GetFlagStatus  stm32f10x_usart.o
    0x08003524   0x08003524   0x00000054   Code   RO         2964    i.USART_GetITStatus  stm32f10x_usart.o
    0x08003578   0x08003578   0x0000004a   Code   RO         2966    i.USART_ITConfig    stm32f10x_usart.o
    0x080035c2   0x080035c2   0x00000002   PAD
    0x080035c4   0x080035c4   0x000000d8   Code   RO         2967    i.USART_Init        stm32f10x_usart.o
    0x0800369c   0x0800369c   0x0000000a   Code   RO         2974    i.USART_ReceiveData  stm32f10x_usart.o
    0x080036a6   0x080036a6   0x00000008   Code   RO         2977    i.USART_SendData    stm32f10x_usart.o
    0x080036ae   0x080036ae   0x00000004   Code   RO         4034    i.UsageFault_Handler  stm32f10x_it.o
    0x080036b2   0x080036b2   0x00000002   PAD
    0x080036b4   0x080036b4   0x00000024   Code   RO         4209    i.__0vsprintf       mc_w.l(printfa.o)
    0x080036d8   0x080036d8   0x00000028   Code   RO         4340    i.__ARM_fpclassify  m_ws.l(fpclassify.o)
    0x08003700   0x08003700   0x00000008   Code   RO         4320    i.__aeabi_errno_addr  mc_w.l(errno.o)
    0x08003708   0x08003708   0x000000aa   Code   RO         4342    i.__kernel_poly     m_ws.l(poly.o)
    0x080037b2   0x080037b2   0x00000006   Code   RO         4279    i.__mathlib_dbl_infnan  m_ws.l(dunder.o)
    0x080037b8   0x080037b8   0x00000004   Code   RO         4280    i.__mathlib_dbl_infnan2  m_ws.l(dunder.o)
    0x080037bc   0x080037bc   0x00000010   Code   RO         4284    i.__mathlib_dbl_underflow  m_ws.l(dunder.o)
    0x080037cc   0x080037cc   0x0000000c   Code   RO         4321    i.__read_errno      mc_w.l(errno.o)
    0x080037d8   0x080037d8   0x0000000e   Code   RO         4395    i.__scatterload_copy  mc_w.l(handlers.o)
    0x080037e6   0x080037e6   0x00000002   Code   RO         4396    i.__scatterload_null  mc_w.l(handlers.o)
    0x080037e8   0x080037e8   0x0000000e   Code   RO         4397    i.__scatterload_zeroinit  mc_w.l(handlers.o)
    0x080037f6   0x080037f6   0x00000002   PAD
    0x080037f8   0x080037f8   0x0000000c   Code   RO         4322    i.__set_errno       mc_w.l(errno.o)
    0x08003804   0x08003804   0x00000184   Code   RO         4210    i._fp_digits        mc_w.l(printfa.o)
    0x08003988   0x08003988   0x0000000e   Code   RO         4378    i._is_digit         mc_w.l(scanf_fp.o)
    0x08003996   0x08003996   0x00000002   PAD
    0x08003998   0x08003998   0x000006b4   Code   RO         4211    i._printf_core      mc_w.l(printfa.o)
    0x0800404c   0x0800404c   0x00000024   Code   RO         4212    i._printf_post_padding  mc_w.l(printfa.o)
    0x08004070   0x08004070   0x0000002e   Code   RO         4213    i._printf_pre_padding  mc_w.l(printfa.o)
    0x0800409e   0x0800409e   0x0000000a   Code   RO         4215    i._sputc            mc_w.l(printfa.o)
    0x080040a8   0x080040a8   0x00000220   Code   RO         4269    i.atan              m_ws.l(atan.o)
    0x080042c8   0x080042c8   0x0000019c   Code   RO         4178    i.atan2             m_ws.l(atan2.o)
    0x08004464   0x08004464   0x0000002a   Code   RO         4186    i.atof              m_ws.l(atof.o)
    0x0800448e   0x0800448e   0x00000002   PAD
    0x08004490   0x08004490   0x000007a0   Code   RO         3950    i.main              main.o
    0x08004c30   0x08004c30   0x000010f6   Data   RO         3502    .constdata          oled_data.o
    0x08005d26   0x08005d26   0x00000002   PAD
    0x08005d28   0x08005d28   0x00000098   Data   RO         4270    .constdata          m_ws.l(atan.o)
    0x08005dc0   0x08005dc0   0x00000008   Data   RO         4292    .constdata          m_ws.l(qnan.o)
    0x08005dc8   0x08005dc8   0x00000081   Data   RO         4349    .constdata          mc_w.l(ctype_o.o)
    0x08005e49   0x08005e49   0x00000003   PAD
    0x08005e4c   0x08005e4c   0x00000004   Data   RO         4350    .constdata          mc_w.l(ctype_o.o)
    0x08005e50   0x08005e50   0x00000020   Data   RO         4393    Region$$Table       anon$$obj.o


    Execution Region RW_IRAM1 (Exec base: 0x20000000, Load base: 0x08005e70, Size: 0x00000d18, Max: 0x00005000, ABSOLUTE, COMPRESSED[0x000000e8])

    Exec Addr    Load Addr    Size         Type   Attr      Idx    E Section Name        Object

    0x20000000   COMPRESSED   0x00000014   Data   RW         1805    .data               stm32f10x_rcc.o
    0x20000014   COMPRESSED   0x00000027   Data   RW         3682    .data               key.o
    0x2000003b   COMPRESSED   0x00000001   PAD
    0x2000003c   COMPRESSED   0x000002b8   Data   RW         3723    .data               serial.o
    0x200002f4   COMPRESSED   0x00000032   Data   RW         3814    .data               nrf24l01.o
    0x20000326   COMPRESSED   0x00000002   PAD
    0x20000328   COMPRESSED   0x00000076   Data   RW         3951    .data               main.o
    0x2000039e   COMPRESSED   0x00000002   PAD
    0x200003a0   COMPRESSED   0x0000012c   Data   RW         4101    .data               pid.o
    0x200004cc   COMPRESSED   0x00000004   Data   RW         4197    .data               mc_w.l(strtok.o)
    0x200004d0   COMPRESSED   0x00000004   Data   RW         4323    .data               mc_w.l(errno.o)
    0x200004d4        -       0x00000400   Zero   RW         3271    .bss                oled.o
    0x200008d4        -       0x00000040   Zero   RW         3813    .bss                nrf24l01.o
    0x20000914   COMPRESSED   0x00000004   PAD
    0x20000918        -       0x00000400   Zero   RW            1    STACK               startup_stm32f10x_md.o


==============================================================================

Image component sizes


      Code (inc. data)   RO Data    RW Data    ZI Data      Debug   Object Name

         0          0          0          0          0       4524   core_cm3.o
       376         24          0          0          0       1351   encoder.o
       252         32          0         39          0       3096   key.o
      3340        668          0        118          0       4430   main.o
       112         12          0          0          0     204320   misc.o
       204         10          0          0          0       1122   motor.o
       326          0          0          0          0       2871   mpu6050.o
       320         24          0          0          0       4828   myi2c.o
      1082         62          0         50         64      12501   nrf24l01.o
      1584         52          0          0       1024      11445   oled.o
         0          0       4342          0          0       1122   oled_data.o
       282          0          0        300          0       4327   pid.o
       180          6          0          0          0       1615   pwm.o
       556          8          0        696          0       6596   serial.o
        36          8        236          0       1024        816   startup_stm32f10x_md.o
         0          0          0          0          0       1668   stm32f10x_adc.o
       458          6          0          0          0      13214   stm32f10x_gpio.o
        26          0          0          0          0       3830   stm32f10x_it.o
       276         32          0         20          0      13022   stm32f10x_rcc.o
      1526        180          0          0          0      35176   stm32f10x_tim.o
       472          6          0          0          0      12579   stm32f10x_usart.o
       328         28          0          0          0      45297   system_stm32f10x.o
       108          6          0          0          0        545   timer.o

    ----------------------------------------------------------------------
     11870       1164       4612       1228       2116     390295   Object Totals
         0          0         32          0          0          0   (incl. Generated)
        26          0          2          5          4          0   (incl. Padding)

    ----------------------------------------------------------------------

      Code (inc. data)   RO Data    RW Data    ZI Data      Debug   Library Member Name

       544         70        152          0          0        124   atan.o
       412         38          0          0          0        144   atan2.o
        42          0          0          0          0         84   atof.o
        26          6          0          0          0        204   dunder.o
        40          0          0          0          0         68   fpclassify.o
       170          0          0          0          0         96   poly.o
         0          0          8          0          0          0   qnan.o
        86          0          0          0          0          0   __dczerorl2.o
        28          0          0          0          0         68   _chval.o
        64          0          0          0          0         84   _sgetc.o
       158          0          0          0          0         92   _strtoul.o
        26          0          0          0          0         80   atoi.o
         8          4        133          0          0         68   ctype_o.o
         0          0          0          0          0          0   entry.o
         0          0          0          0          0          0   entry10a.o
         0          0          0          0          0          0   entry11a.o
         4          0          0          0          0          0   entry12b.o
         8          4          0          0          0          0   entry2.o
         4          0          0          0          0          0   entry5.o
         0          0          0          0          0          0   entry7b.o
         0          0          0          0          0          0   entry8b.o
         8          4          0          0          0          0   entry9a.o
        32         16          0          4          0        204   errno.o
        30          0          0          0          0          0   handlers.o
        36          8          0          0          0         68   init.o
        18          0          0          0          0         76   isspace_o.o
         0          0          0          0          0          0   iusefp.o
        30          0          0          0          0         68   llshl.o
        36          0          0          0          0         68   llsshr.o
        32          0          0          0          0         68   llushr.o
      2232         86          0          0          0        528   printfa.o
       878         12          0          0          0        216   scanf_fp.o
        28          0          0          0          0         76   strcmp.o
       156         12          0          0          0        120   strtod.o
        68          6          0          4          0         80   strtok.o
       112          0          0          0          0         88   strtol.o
        44          0          0          0          0         80   uidiv.o
        98          0          0          0          0         92   uldiv.o
        48          0          0          0          0         68   cdcmple.o
        48          0          0          0          0         68   cdrcmple.o
        20          0          0          0          0         68   cfcmple.o
        20          0          0          0          0         68   cfrcmple.o
        56          0          0          0          0         88   d2f.o
       334          0          0          0          0        148   dadd.o
       222          0          0          0          0        100   ddiv.o
       186          0          0          0          0        176   depilogue.o
        48          0          0          0          0         68   dfixul.o
        34          0          0          0          0         76   dflti.o
        24          0          0          0          0         76   dfltul.o
       228          0          0          0          0         96   dmul.o
        46          0          0          0          0         80   dscalb.o
        38          0          0          0          0         68   f2d.o
       176          0          0          0          0        140   fadd.o
       124          0          0          0          0         88   fdiv.o
       110          0          0          0          0        168   fepilogue.o
        50          0          0          0          0         68   ffixi.o
        18          0          0          0          0         68   fflti.o
       100          0          0          0          0         76   fmul.o

    ----------------------------------------------------------------------
      7398        266        296          8          0       4800   Library Totals
        10          0          3          0          0          0   (incl. Padding)

    ----------------------------------------------------------------------

      Code (inc. data)   RO Data    RW Data    ZI Data      Debug   Library Name

      1234        114        160          0          0        720   m_ws.l
      4224        152        133          8          0       2224   mc_w.l
      1930          0          0          0          0       1856   mf_w.l

    ----------------------------------------------------------------------
      7398        266        296          8          0       4800   Library Totals

    ----------------------------------------------------------------------

==============================================================================


      Code (inc. data)   RO Data    RW Data    ZI Data      Debug   

     19268       1430       4908       1236       2116     385863   Grand Totals
     19268       1430       4908        232       2116     385863   ELF Image Totals (compressed)
     19268       1430       4908        232          0          0   ROM Totals

==============================================================================

    Total RO  Size (Code + RO Data)                24176 (  23.61kB)
    Total RW  Size (RW Data + ZI Data)              3352 (   3.27kB)
    Total ROM Size (Code + RO Data + RW Data)      24408 (  23.84kB)

==============================================================================

